Archive member included to satisfy reference by file (symbol)

c:/users/ee07pc14adm/.p2/pool/plugins/fr.ac6.mcu.externaltools.arm-none.win32_1.13.2.201703061525/tools/compiler/bin/../lib/gcc/arm-none-eabi/5.4.1/armv7e-m/fpu\libgcc.a(_aeabi_uldivmod.o)
                              Drivers/STM32F4xx_HAL_Driver/Src/stm32f4xx_hal_rcc.o (__aeabi_uldivmod)
c:/users/ee07pc14adm/.p2/pool/plugins/fr.ac6.mcu.externaltools.arm-none.win32_1.13.2.201703061525/tools/compiler/bin/../lib/gcc/arm-none-eabi/5.4.1/armv7e-m/fpu\libgcc.a(_udivmoddi4.o)
                              c:/users/ee07pc14adm/.p2/pool/plugins/fr.ac6.mcu.externaltools.arm-none.win32_1.13.2.201703061525/tools/compiler/bin/../lib/gcc/arm-none-eabi/5.4.1/armv7e-m/fpu\libgcc.a(_aeabi_uldivmod.o) (__udivmoddi4)
c:/users/ee07pc14adm/.p2/pool/plugins/fr.ac6.mcu.externaltools.arm-none.win32_1.13.2.201703061525/tools/compiler/bin/../lib/gcc/arm-none-eabi/5.4.1/armv7e-m/fpu\libgcc.a(_dvmd_tls.o)
                              c:/users/ee07pc14adm/.p2/pool/plugins/fr.ac6.mcu.externaltools.arm-none.win32_1.13.2.201703061525/tools/compiler/bin/../lib/gcc/arm-none-eabi/5.4.1/armv7e-m/fpu\libgcc.a(_aeabi_uldivmod.o) (__aeabi_ldiv0)
c:/users/ee07pc14adm/.p2/pool/plugins/fr.ac6.mcu.externaltools.arm-none.win32_1.13.2.201703061525/tools/compiler/bin/../lib/gcc/arm-none-eabi/5.4.1/../../../../arm-none-eabi/lib/armv7e-m/fpu\libc_nano.a(lib_a-atof.o)
                              Src/main.o (atof)
c:/users/ee07pc14adm/.p2/pool/plugins/fr.ac6.mcu.externaltools.arm-none.win32_1.13.2.201703061525/tools/compiler/bin/../lib/gcc/arm-none-eabi/5.4.1/../../../../arm-none-eabi/lib/armv7e-m/fpu\libc_nano.a(lib_a-atoi.o)
                              Src/main.o (atoi)
c:/users/ee07pc14adm/.p2/pool/plugins/fr.ac6.mcu.externaltools.arm-none.win32_1.13.2.201703061525/tools/compiler/bin/../lib/gcc/arm-none-eabi/5.4.1/../../../../arm-none-eabi/lib/armv7e-m/fpu\libc_nano.a(lib_a-exit.o)
                              c:/users/ee07pc14adm/.p2/pool/plugins/fr.ac6.mcu.externaltools.arm-none.win32_1.13.2.201703061525/tools/compiler/bin/../lib/gcc/arm-none-eabi/5.4.1/../../../../arm-none-eabi/lib/armv7e-m/fpu/crt0.o (exit)
c:/users/ee07pc14adm/.p2/pool/plugins/fr.ac6.mcu.externaltools.arm-none.win32_1.13.2.201703061525/tools/compiler/bin/../lib/gcc/arm-none-eabi/5.4.1/../../../../arm-none-eabi/lib/armv7e-m/fpu\libc_nano.a(lib_a-impure.o)
                              c:/users/ee07pc14adm/.p2/pool/plugins/fr.ac6.mcu.externaltools.arm-none.win32_1.13.2.201703061525/tools/compiler/bin/../lib/gcc/arm-none-eabi/5.4.1/../../../../arm-none-eabi/lib/armv7e-m/fpu\libc_nano.a(lib_a-exit.o) (_global_impure_ptr)
c:/users/ee07pc14adm/.p2/pool/plugins/fr.ac6.mcu.externaltools.arm-none.win32_1.13.2.201703061525/tools/compiler/bin/../lib/gcc/arm-none-eabi/5.4.1/../../../../arm-none-eabi/lib/armv7e-m/fpu\libc_nano.a(lib_a-init.o)
                              c:/users/ee07pc14adm/.p2/pool/plugins/fr.ac6.mcu.externaltools.arm-none.win32_1.13.2.201703061525/tools/compiler/bin/../lib/gcc/arm-none-eabi/5.4.1/../../../../arm-none-eabi/lib/armv7e-m/fpu/crt0.o (__libc_init_array)
c:/users/ee07pc14adm/.p2/pool/plugins/fr.ac6.mcu.externaltools.arm-none.win32_1.13.2.201703061525/tools/compiler/bin/../lib/gcc/arm-none-eabi/5.4.1/../../../../arm-none-eabi/lib/armv7e-m/fpu\libc_nano.a(lib_a-memset.o)
                              c:/users/ee07pc14adm/.p2/pool/plugins/fr.ac6.mcu.externaltools.arm-none.win32_1.13.2.201703061525/tools/compiler/bin/../lib/gcc/arm-none-eabi/5.4.1/../../../../arm-none-eabi/lib/armv7e-m/fpu/crt0.o (memset)
c:/users/ee07pc14adm/.p2/pool/plugins/fr.ac6.mcu.externaltools.arm-none.win32_1.13.2.201703061525/tools/compiler/bin/../lib/gcc/arm-none-eabi/5.4.1/../../../../arm-none-eabi/lib/armv7e-m/fpu\libc_nano.a(lib_a-strcmp.o)
                              Src/main.o (strcmp)
c:/users/ee07pc14adm/.p2/pool/plugins/fr.ac6.mcu.externaltools.arm-none.win32_1.13.2.201703061525/tools/compiler/bin/../lib/gcc/arm-none-eabi/5.4.1/../../../../arm-none-eabi/lib/armv7e-m/fpu\libc_nano.a(lib_a-strtod.o)
                              c:/users/ee07pc14adm/.p2/pool/plugins/fr.ac6.mcu.externaltools.arm-none.win32_1.13.2.201703061525/tools/compiler/bin/../lib/gcc/arm-none-eabi/5.4.1/../../../../arm-none-eabi/lib/armv7e-m/fpu\libc_nano.a(lib_a-atof.o) (strtod)
c:/users/ee07pc14adm/.p2/pool/plugins/fr.ac6.mcu.externaltools.arm-none.win32_1.13.2.201703061525/tools/compiler/bin/../lib/gcc/arm-none-eabi/5.4.1/../../../../arm-none-eabi/lib/armv7e-m/fpu\libc_nano.a(lib_a-strtol.o)
                              c:/users/ee07pc14adm/.p2/pool/plugins/fr.ac6.mcu.externaltools.arm-none.win32_1.13.2.201703061525/tools/compiler/bin/../lib/gcc/arm-none-eabi/5.4.1/../../../../arm-none-eabi/lib/armv7e-m/fpu\libc_nano.a(lib_a-atoi.o) (_strtol_r)
[...]
Memory Configuration

Name             Origin             Length             Attributes
RAM              0x20000000         0x00020000         xrw
CCMRAM           0x10000000         0x00010000         rw
FLASH            0x08000000         0x00100000         xr
*default*        0x00000000         0xffffffff

Linker script and memory map

LOAD c:/users/ee07pc14adm/.p2/pool/plugins/fr.ac6.mcu.externaltools.arm-none.win32_1.13.2.201703061525/tools/compiler/bin/../lib/gcc/arm-none-eabi/5.4.1/armv7e-m/fpu/crti.o
LOAD c:/users/ee07pc14adm/.p2/pool/plugins/fr.ac6.mcu.externaltools.arm-none.win32_1.13.2.201703061525/tools/compiler/bin/../lib/gcc/arm-none-eabi/5.4.1/armv7e-m/fpu/crtbegin.o
LOAD c:/users/ee07pc14adm/.p2/pool/plugins/fr.ac6.mcu.externaltools.arm-none.win32_1.13.2.201703061525/tools/compiler/bin/../lib/gcc/arm-none-eabi/5.4.1/../../../../arm-none-eabi/lib/armv7e-m/fpu/crt0.o
LOAD c:/users/ee07pc14adm/.p2/pool/plugins/fr.ac6.mcu.externaltools.arm-none.win32_1.13.2.201703061525/tools/compiler/bin/../lib/gcc/arm-none-eabi/5.4.1/../../../../arm-none-eabi/lib/armv7e-m/fpu\libm.a
LOAD Drivers/STM32F4xx_HAL_Driver/Src/stm32f4xx_hal.o
LOAD Drivers/STM32F4xx_HAL_Driver/Src/stm32f4xx_hal_cortex.o
LOAD Drivers/STM32F4xx_HAL_Driver/Src/stm32f4xx_hal_dma.o
LOAD Drivers/STM32F4xx_HAL_Driver/Src/stm32f4xx_hal_dma_ex.o
LOAD Drivers/STM32F4xx_HAL_Driver/Src/stm32f4xx_hal_flash.o
LOAD Drivers/STM32F4xx_HAL_Driver/Src/stm32f4xx_hal_flash_ex.o
LOAD Drivers/STM32F4xx_HAL_Driver/Src/stm32f4xx_hal_flash_ramfunc.o
LOAD Drivers/STM32F4xx_HAL_Driver/Src/stm32f4xx_hal_gpio.o
LOAD Drivers/STM32F4xx_HAL_Driver/Src/stm32f4xx_hal_i2c.o
LOAD Drivers/STM32F4xx_HAL_Driver/Src/stm32f4xx_hal_i2c_ex.o
LOAD Drivers/STM32F4xx_HAL_Driver/Src/stm32f4xx_hal_pwr.o
LOAD Drivers/STM32F4xx_HAL_Driver/Src/stm32f4xx_hal_pwr_ex.o
LOAD Drivers/STM32F4xx_HAL_Driver/Src/stm32f4xx_hal_rcc.o
LOAD Drivers/STM32F4xx_HAL_Driver/Src/stm32f4xx_hal_rcc_ex.o
LOAD Drivers/STM32F4xx_HAL_Driver/Src/stm32f4xx_hal_tim.o
LOAD Drivers/STM32F4xx_HAL_Driver/Src/stm32f4xx_hal_tim_ex.o
LOAD Drivers/STM32F4xx_HAL_Driver/Src/stm32f4xx_hal_uart.o
LOAD Src/main.o
LOAD Src/stm32f4xx_hal_msp.o
LOAD Src/stm32f4xx_it.o
LOAD Src/system_stm32f4xx.o
LOAD startup/startup_stm32f407xx.o
START GROUP
LOAD c:/users/ee07pc14adm/.p2/pool/plugins/fr.ac6.mcu.externaltools.arm-none.win32_1.13.2.201703061525/tools/compiler/bin/../lib/gcc/arm-none-eabi/5.4.1/armv7e-m/fpu\libgcc.a
LOAD c:/users/ee07pc14adm/.p2/pool/plugins/fr.ac6.mcu.externaltools.arm-none.win32_1.13.2.201703061525/tools/compiler/bin/../lib/gcc/arm-none-eabi/5.4.1/../../../../arm-none-eabi/lib/armv7e-m/fpu\libc_nano.a
END GROUP
START GROUP
LOAD c:/users/ee07pc14adm/.p2/pool/plugins/fr.ac6.mcu.externaltools.arm-none.win32_1.13.2.201703061525/tools/compiler/bin/../lib/gcc/arm-none-eabi/5.4.1/armv7e-m/fpu\libgcc.a
LOAD c:/users/ee07pc14adm/.p2/pool/plugins/fr.ac6.mcu.externaltools.arm-none.win32_1.13.2.201703061525/tools/compiler/bin/../lib/gcc/arm-none-eabi/5.4.1/../../../../arm-none-eabi/lib/armv7e-m/fpu\libc_nano.a
LOAD c:/users/ee07pc14adm/.p2/pool/plugins/fr.ac6.mcu.externaltools.arm-none.win32_1.13.2.201703061525/tools/compiler/bin/../lib/gcc/arm-none-eabi/5.4.1/../../../../arm-none-eabi/lib/armv7e-m/fpu\libnosys.a
END GROUP
START GROUP
LOAD c:/users/ee07pc14adm/.p2/pool/plugins/fr.ac6.mcu.externaltools.arm-none.win32_1.13.2.201703061525/tools/compiler/bin/../lib/gcc/arm-none-eabi/5.4.1/armv7e-m/fpu\libgcc.a
LOAD c:/users/ee07pc14adm/.p2/pool/plugins/fr.ac6.mcu.externaltools.arm-none.win32_1.13.2.201703061525/tools/compiler/bin/../lib/gcc/arm-none-eabi/5.4.1/../../../../arm-none-eabi/lib/armv7e-m/fpu\libc_nano.a
LOAD c:/users/ee07pc14adm/.p2/pool/plugins/fr.ac6.mcu.externaltools.arm-none.win32_1.13.2.201703061525/tools/compiler/bin/../lib/gcc/arm-none-eabi/5.4.1/../../../../arm-none-eabi/lib/armv7e-m/fpu\libnosys.a
END GROUP
LOAD c:/users/ee07pc14adm/.p2/pool/plugins/fr.ac6.mcu.externaltools.arm-none.win32_1.13.2.201703061525/tools/compiler/bin/../lib/gcc/arm-none-eabi/5.4.1/armv7e-m/fpu/crtend.o
LOAD c:/users/ee07pc14adm/.p2/pool/plugins/fr.ac6.mcu.externaltools.arm-none.win32_1.13.2.201703061525/tools/compiler/bin/../lib/gcc/arm-none-eabi/5.4.1/armv7e-m/fpu/crtn.o
                0x20020000                _estack = 0x20020000
                0x00000200                _Min_Heap_Size = 0x200
                0x00000400                _Min_Stack_Size = 0x400

.isr_vector     0x08000000      0x188
                0x08000000                . = ALIGN (0x4)
 *(.isr_vector)
 .isr_vector    0x08000000      0x188 startup/startup_stm32f407xx.o
                0x08000000                g_pfnVectors
                0x08000188                . = ALIGN (0x4)

.text           0x08000188     0x4760
                0x08000188                . = ALIGN (0x4)
 *(.text)
 .text          0x08000188       0x5c c:/users/ee07pc14adm/.p2/pool/plugins/fr.ac6.mcu.externaltools.arm-none.win32_1.13.2.201703061525/tools/compiler/bin/../lib/gcc/arm-none-eabi/5.4.1/armv7e-m/fpu/crtbegin.o
 .text          0x080001e4       0x30 c:/users/ee07pc14adm/.p2/pool/plugins/fr.ac6.mcu.externaltools.arm-none.win32_1.13.2.201703061525/tools/compiler/bin/../lib/gcc/arm-none-eabi/5.4.1/armv7e-m/fpu\libgcc.a(_aeabi_uldivmod.o)
                0x080001e4                __aeabi_uldivmod
 .text          0x08000214      0x2e4 c:/users/ee07pc14adm/.p2/pool/plugins/fr.ac6.mcu.externaltools.arm-none.win32_1.13.2.201703061525/tools/compiler/bin/../lib/gcc/arm-none-eabi/5.4.1/armv7e-m/fpu\libgcc.a(_udivmoddi4.o)
                0x08000214                __udivmoddi4
 .text          0x080004f8        0x4 c:/users/ee07pc14adm/.p2/pool/plugins/fr.ac6.mcu.externaltools.arm-none.win32_1.13.2.201703061525/tools/compiler/bin/../lib/gcc/arm-none-eabi/5.4.1/armv7e-m/fpu\libgcc.a(_dvmd_tls.o)
                0x080004f8                __aeabi_idiv0
                0x080004f8                __aeabi_ldiv0
 .text          0x080004fc       0x14 c:/users/ee07pc14adm/.p2/pool/plugins/fr.ac6.mcu.externaltools.arm-none.win32_1.13.2.201703061525/tools/compiler/bin/../lib/gcc/arm-none-eabi/5.4.1/../../../../arm-none-eabi/lib/armv7e-m/fpu\libc_nano.a(lib_a-strcmp.o)
                0x080004fc                strcmp
 .text          0x08000510       0x10 c:/users/ee07pc14adm/.p2/pool/plugins/fr.ac6.mcu.externaltools.arm-none.win32_1.13.2.201703061525/tools/compiler/bin/../lib/gcc/arm-none-eabi/5.4.1/../../../../arm-none-eabi/lib/armv7e-m/fpu\libc_nano.a(lib_a-strlen.o)
                0x08000510                strlen
 .text          0x08000520      0x370 c:/users/ee07pc14adm/.p2/pool/plugins/fr.ac6.mcu.externaltools.arm-none.win32_1.13.2.201703061525/tools/compiler/bin/../lib/gcc/arm-none-eabi/5.4.1/armv7e-m/fpu\libgcc.a(_arm_addsubdf3.o)
                0x08000520                __aeabi_drsub
                0x08000528                __aeabi_dsub
                0x08000528                __subdf3
                0x0800052c                __aeabi_dadd
                0x0800052c                __adddf3
                0x080007a4                __floatunsidf
                0x080007a4                __aeabi_ui2d
                0x080007c4                __floatsidf
                0x080007c4                __aeabi_i2d
                0x080007e8                __aeabi_f2d
                0x080007e8                __extendsfdf2
                0x08000824                __floatundidf
                0x08000824                __aeabi_ul2d
                0x08000834                __floatdidf
                0x08000834                __aeabi_l2d
 .text          0x08000890      0x424 c:/users/ee07pc14adm/.p2/pool/plugins/fr.ac6.mcu.externaltools.arm-none.win32_1.13.2.201703061525/tools/compiler/bin/../lib/gcc/arm-none-eabi/5.4.1/armv7e-m/fpu\libgcc.a(_arm_muldivdf3.o)
                0x08000890                __aeabi_dmul
                0x08000890                __muldf3
                0x08000ae4                __divdf3
                0x08000ae4                __aeabi_ddiv
 .text          0x08000cb4      0x110 c:/users/ee07pc14adm/.p2/pool/plugins/fr.ac6.mcu.externaltools.arm-none.win32_1.13.2.201703061525/tools/compiler/bin/../lib/gcc/arm-none-eabi/5.4.1/armv7e-m/fpu\libgcc.a(_arm_cmpdf2.o)
                0x08000cb4                __gtdf2
                0x08000cb4                __gedf2
                0x08000cbc                __ltdf2
                0x08000cbc                __ledf2
                0x08000cc4                __nedf2
                0x08000cc4                __eqdf2
                0x08000cc4                __cmpdf2
                0x08000d40                __aeabi_cdrcmple
                0x08000d50                __aeabi_cdcmpeq
                0x08000d50                __aeabi_cdcmple
                0x08000d60                __aeabi_dcmpeq
                0x08000d74                __aeabi_dcmplt
                0x08000d88                __aeabi_dcmple
                0x08000d9c                __aeabi_dcmpge
                0x08000db0                __aeabi_dcmpgt
 .text          0x08000dc4       0x50 c:/users/ee07pc14adm/.p2/pool/plugins/fr.ac6.mcu.externaltools.arm-none.win32_1.13.2.201703061525/tools/compiler/bin/../lib/gcc/arm-none-eabi/5.4.1/armv7e-m/fpu\libgcc.a(_arm_fixdfsi.o)
                0x08000dc4                __aeabi_d2iz
                0x08000dc4                __fixdfsi
 .text          0x08000e14       0x40 c:/users/ee07pc14adm/.p2/pool/plugins/fr.ac6.mcu.externaltools.arm-none.win32_1.13.2.201703061525/tools/compiler/bin/../lib/gcc/arm-none-eabi/5.4.1/armv7e-m/fpu\libgcc.a(_arm_fixunsdfsi.o)
                0x08000e14                __aeabi_d2uiz
                0x08000e14                __fixunsdfsi
 *(.text*)
 .text.HAL_InitTick
                0x08000e54       0x48 Drivers/STM32F4xx_HAL_Driver/Src/stm32f4xx_hal.o
                0x08000e54                HAL_InitTick
 .text.HAL_Init
                0x08000e9c       0x34 Drivers/STM32F4xx_HAL_Driver/Src/stm32f4xx_hal.o
                0x08000e9c                HAL_Init
 .text.HAL_IncTick
                0x08000ed0       0x18 Drivers/STM32F4xx_HAL_Driver/Src/stm32f4xx_hal.o
                0x08000ed0                HAL_IncTick
 .text.HAL_GetTick
                0x08000ee8        0xc Drivers/STM32F4xx_HAL_Driver/Src/stm32f4xx_hal.o
                0x08000ee8                HAL_GetTick
 .text.HAL_Delay
                0x08000ef4       0x28 Drivers/STM32F4xx_HAL_Driver/Src/stm32f4xx_hal.o
                0x08000ef4                HAL_Delay
 .text.HAL_NVIC_SetPriorityGrouping
                0x08000f1c       0x24 Drivers/STM32F4xx_HAL_Driver/Src/stm32f4xx_hal_cortex.o
                0x08000f1c                HAL_NVIC_SetPriorityGrouping
 .text.HAL_NVIC_SetPriority
                0x08000f40       0x64 Drivers/STM32F4xx_HAL_Driver/Src/stm32f4xx_hal_cortex.o
                0x08000f40                HAL_NVIC_SetPriority
 .text.HAL_NVIC_EnableIRQ
                0x08000fa4       0x18 Drivers/STM32F4xx_HAL_Driver/Src/stm32f4xx_hal_cortex.o
                0x08000fa4                HAL_NVIC_EnableIRQ
 .text.HAL_SYSTICK_Config
                0x08000fbc       0x2c Drivers/STM32F4xx_HAL_Driver/Src/stm32f4xx_hal_cortex.o
                0x08000fbc                HAL_SYSTICK_Config
 .text.HAL_SYSTICK_CLKSourceConfig
                0x08000fe8       0x20 Drivers/STM32F4xx_HAL_Driver/Src/stm32f4xx_hal_cortex.o
                0x08000fe8                HAL_SYSTICK_CLKSourceConfig
 .text.HAL_SYSTICK_Callback
                0x08001008        0x4 Drivers/STM32F4xx_HAL_Driver/Src/stm32f4xx_hal_cortex.o
                0x08001008                HAL_SYSTICK_Callback
 .text.HAL_SYSTICK_IRQHandler
                0x0800100c        0x8 Drivers/STM32F4xx_HAL_Driver/Src/stm32f4xx_hal_cortex.o
                0x0800100c                HAL_SYSTICK_IRQHandler
 .text.HAL_DMA_Abort_IT
                0x08001014       0x28 Drivers/STM32F4xx_HAL_Driver/Src/stm32f4xx_hal_dma.o
                0x08001014                HAL_DMA_Abort_IT
 .text.HAL_GPIO_Init
                0x0800103c      0x1c0 Drivers/STM32F4xx_HAL_Driver/Src/stm32f4xx_hal_gpio.o
                0x0800103c                HAL_GPIO_Init
 .text.HAL_GPIO_WritePin
                0x080011fc        0xc Drivers/STM32F4xx_HAL_Driver/Src/stm32f4xx_hal_gpio.o
                0x080011fc                HAL_GPIO_WritePin
 .text.HAL_GPIO_TogglePin
                0x08001208        0x8 Drivers/STM32F4xx_HAL_Driver/Src/stm32f4xx_hal_gpio.o
                0x08001208                HAL_GPIO_TogglePin
 .text.I2C_IsAcknowledgeFailed
                0x08001210       0x2c Drivers/STM32F4xx_HAL_Driver/Src/stm32f4xx_hal_i2c.o
 .text.I2C_WaitOnFlagUntilTimeout
                0x0800123c       0x68 Drivers/STM32F4xx_HAL_Driver/Src/stm32f4xx_hal_i2c.o
 .text.I2C_WaitOnMasterAddressFlagUntilTimeout
                0x080012a4       0x94 Drivers/STM32F4xx_HAL_Driver/Src/stm32f4xx_hal_i2c.o
 .text.I2C_MasterRequestWrite
                0x08001338       0xbc Drivers/STM32F4xx_HAL_Driver/Src/stm32f4xx_hal_i2c.o
 .text.I2C_WaitOnTXEFlagUntilTimeout
                0x080013f4       0x50 Drivers/STM32F4xx_HAL_Driver/Src/stm32f4xx_hal_i2c.o
 .text.I2C_WaitOnBTFFlagUntilTimeout
                0x08001444       0x50 Drivers/STM32F4xx_HAL_Driver/Src/stm32f4xx_hal_i2c.o
 .text.HAL_I2C_Init
                0x08001494      0x11c Drivers/STM32F4xx_HAL_Driver/Src/stm32f4xx_hal_i2c.o
                0x08001494                HAL_I2C_Init
 .text.HAL_I2C_Master_Transmit
                0x080015b0      0x180 Drivers/STM32F4xx_HAL_Driver/Src/stm32f4xx_hal_i2c.o
                0x080015b0                HAL_I2C_Master_Transmit
 .text.HAL_RCC_OscConfig
                0x08001730      0x3c0 Drivers/STM32F4xx_HAL_Driver/Src/stm32f4xx_hal_rcc.o
                0x08001730                HAL_RCC_OscConfig
 .text.HAL_RCC_GetSysClockFreq
                0x08001af0       0xcc Drivers/STM32F4xx_HAL_Driver/Src/stm32f4xx_hal_rcc.o
                0x08001af0                HAL_RCC_GetSysClockFreq
 .text.HAL_RCC_ClockConfig
                0x08001bbc      0x160 Drivers/STM32F4xx_HAL_Driver/Src/stm32f4xx_hal_rcc.o
                0x08001bbc                HAL_RCC_ClockConfig
 .text.HAL_RCC_GetHCLKFreq
                0x08001d1c        0xc Drivers/STM32F4xx_HAL_Driver/Src/stm32f4xx_hal_rcc.o
                0x08001d1c                HAL_RCC_GetHCLKFreq
 .text.HAL_RCC_GetPCLK1Freq
                0x08001d28       0x20 Drivers/STM32F4xx_HAL_Driver/Src/stm32f4xx_hal_rcc.o
                0x08001d28                HAL_RCC_GetPCLK1Freq
 .text.HAL_RCC_GetPCLK2Freq
                0x08001d48       0x20 Drivers/STM32F4xx_HAL_Driver/Src/stm32f4xx_hal_rcc.o
                0x08001d48                HAL_RCC_GetPCLK2Freq
 .text.UART_EndRxTransfer
                0x08001d68       0x1c Drivers/STM32F4xx_HAL_Driver/Src/stm32f4xx_hal_uart.o
 .text.UART_Transmit_IT
                0x08001d84       0x6c Drivers/STM32F4xx_HAL_Driver/Src/stm32f4xx_hal_uart.o
 .text.UART_SetConfig
                0x08001df0      0x32c Drivers/STM32F4xx_HAL_Driver/Src/stm32f4xx_hal_uart.o
 .text.HAL_UART_Init
                0x0800211c       0x64 Drivers/STM32F4xx_HAL_Driver/Src/stm32f4xx_hal_uart.o
                0x0800211c                HAL_UART_Init
 .text.HAL_UART_Receive_IT
                0x08002180       0x54 Drivers/STM32F4xx_HAL_Driver/Src/stm32f4xx_hal_uart.o
                0x08002180                HAL_UART_Receive_IT
 .text.HAL_UART_TxCpltCallback
                0x080021d4        0x4 Drivers/STM32F4xx_HAL_Driver/Src/stm32f4xx_hal_uart.o
                0x080021d4                HAL_UART_TxCpltCallback
 .text.UART_EndTransmit_IT
                0x080021d8       0x1c Drivers/STM32F4xx_HAL_Driver/Src/stm32f4xx_hal_uart.o
 .text.UART_Receive_IT
                0x080021f4       0x94 Drivers/STM32F4xx_HAL_Driver/Src/stm32f4xx_hal_uart.o
 .text.HAL_UART_ErrorCallback
                0x08002288        0x4 Drivers/STM32F4xx_HAL_Driver/Src/stm32f4xx_hal_uart.o
                0x08002288                HAL_UART_ErrorCallback
 .text.HAL_UART_IRQHandler
                0x0800228c      0x11c Drivers/STM32F4xx_HAL_Driver/Src/stm32f4xx_hal_uart.o
                0x0800228c                HAL_UART_IRQHandler
 .text.UART_DMAAbortOnError
                0x080023a8       0x10 Drivers/STM32F4xx_HAL_Driver/Src/stm32f4xx_hal_uart.o
 .text.MX_GPIO_Init
                0x080023b8       0x74 Src/main.o
 .text.HAL_UART_RxCpltCallback
                0x0800242c       0xa0 Src/main.o
                0x0800242c                HAL_UART_RxCpltCallback
 .text.lcd_send_cmd
                0x080024cc       0x48 Src/main.o
                0x080024cc                lcd_send_cmd
 .text.lcd_send_data
                0x08002514       0x48 Src/main.o
                0x08002514                lcd_send_data
 .text.lcd_init
                0x0800255c       0x48 Src/main.o
                0x0800255c                lcd_init
 .text.lcd_print
                0x080025a4       0x14 Src/main.o
                0x080025a4                lcd_print
 .text.lcd_clear
                0x080025b8       0x10 Src/main.o
                0x080025b8                lcd_clear
 .text._Error_Handler
                0x080025c8        0x4 Src/main.o
                0x080025c8                _Error_Handler
 .text.MX_USART1_UART_Init
                0x080025cc       0x3c Src/main.o
 .text.MX_USART2_UART_Init
                0x08002608       0x3c Src/main.o
 .text.MX_I2C1_Init
                0x08002644       0x44 Src/main.o
 .text.SystemClock_Config
                0x08002688       0xc8 Src/main.o
                0x08002688                SystemClock_Config
 .text.main     0x08002750      0x19c Src/main.o
                0x08002750                main
 .text.HAL_MspInit
                0x080028ec       0x60 Src/stm32f4xx_hal_msp.o
                0x080028ec                HAL_MspInit
 .text.HAL_I2C_MspInit
                0x0800294c       0x58 Src/stm32f4xx_hal_msp.o
                0x0800294c                HAL_I2C_MspInit
 .text.HAL_UART_MspInit
                0x080029a4       0xa4 Src/stm32f4xx_hal_msp.o
                0x080029a4                HAL_UART_MspInit
 .text.SVC_Handler
                0x08002a48        0x4 Src/stm32f4xx_it.o
                0x08002a48                SVC_Handler
 .text.PendSV_Handler
                0x08002a4c        0x4 Src/stm32f4xx_it.o
                0x08002a4c                PendSV_Handler
 .text.SysTick_Handler
                0x08002a50        0xc Src/stm32f4xx_it.o
                0x08002a50                SysTick_Handler
 .text.USART2_IRQHandler
                0x08002a5c       0x10 Src/stm32f4xx_it.o
                0x08002a5c                USART2_IRQHandler
 .text.SystemInit
                0x08002a6c       0x4c Src/system_stm32f4xx.o
                0x08002a6c                SystemInit
 .text.Reset_Handler
                0x08002ab8       0x50 startup/startup_stm32f407xx.o
                0x08002ab8                Reset_Handler
 .text.Default_Handler
                0x08002b08        0x2 startup/startup_stm32f407xx.o
                0x08002b08                RTC_Alarm_IRQHandler
                0x08002b08                HASH_RNG_IRQHandler
                0x08002b08                EXTI2_IRQHandler
                0x08002b08                TIM8_CC_IRQHandler
                0x08002b08                DebugMon_Handler
                0x08002b08                TIM1_CC_IRQHandler
                0x08002b08                DMA2_Stream5_IRQHandler
                0x08002b08                HardFault_Handler
                0x08002b08                DMA1_Stream5_IRQHandler
                0x08002b08                PVD_IRQHandler
                0x08002b08                SDIO_IRQHandler
                0x08002b08                TAMP_STAMP_IRQHandler
                0x08002b08                NMI_Handler
                0x08002b08                CAN2_RX1_IRQHandler
                0x08002b08                EXTI3_IRQHandler
                0x08002b08                TIM8_TRG_COM_TIM14_IRQHandler
                0x08002b08                TIM1_UP_TIM10_IRQHandler
                0x08002b08                TIM8_UP_TIM13_IRQHandler
                0x08002b08                I2C3_ER_IRQHandler
                0x08002b08                EXTI0_IRQHandler
                0x08002b08                I2C2_EV_IRQHandler
                0x08002b08                DMA1_Stream2_IRQHandler
                0x08002b08                CAN1_RX0_IRQHandler
                0x08002b08                FPU_IRQHandler
                0x08002b08                OTG_HS_WKUP_IRQHandler
                0x08002b08                UsageFault_Handler
                0x08002b08                CAN2_SCE_IRQHandler
                0x08002b08                DMA2_Stream2_IRQHandler
                0x08002b08                SPI1_IRQHandler
                0x08002b08                TIM6_DAC_IRQHandler
                0x08002b08                TIM1_BRK_TIM9_IRQHandler
                0x08002b08                DCMI_IRQHandler
                0x08002b08                CAN2_RX0_IRQHandler
                0x08002b08                DMA2_Stream3_IRQHandler
                0x08002b08                USART6_IRQHandler
                0x08002b08                USART3_IRQHandler
                0x08002b08                CAN1_RX1_IRQHandler
                0x08002b08                UART5_IRQHandler
                0x08002b08                DMA2_Stream0_IRQHandler
                0x08002b08                TIM4_IRQHandler
                0x08002b08                I2C1_EV_IRQHandler
                0x08002b08                DMA1_Stream6_IRQHandler
                0x08002b08                DMA1_Stream1_IRQHandler
                0x08002b08                UART4_IRQHandler
                0x08002b08                TIM3_IRQHandler
                0x08002b08                RCC_IRQHandler
                0x08002b08                TIM8_BRK_TIM12_IRQHandler
                0x08002b08                Default_Handler
                0x08002b08                EXTI15_10_IRQHandler
                0x08002b08                ADC_IRQHandler
                0x08002b08                DMA1_Stream7_IRQHandler
                0x08002b08                TIM7_IRQHandler
                0x08002b08                CAN2_TX_IRQHandler
                0x08002b08                TIM5_IRQHandler
                0x08002b08                DMA2_Stream7_IRQHandler
                0x08002b08                I2C3_EV_IRQHandler
                0x08002b08                EXTI9_5_IRQHandler
                0x08002b08                RTC_WKUP_IRQHandler
                0x08002b08                ETH_WKUP_IRQHandler
                0x08002b08                SPI2_IRQHandler
                0x08002b08                OTG_HS_EP1_IN_IRQHandler
                0x08002b08                MemManage_Handler
                0x08002b08                DMA1_Stream0_IRQHandler
                0x08002b08                CAN1_TX_IRQHandler
                0x08002b08                EXTI4_IRQHandler
                0x08002b08                FSMC_IRQHandler
                0x08002b08                ETH_IRQHandler
                0x08002b08                OTG_HS_EP1_OUT_IRQHandler
                0x08002b08                WWDG_IRQHandler
                0x08002b08                TIM2_IRQHandler
                0x08002b08                OTG_FS_WKUP_IRQHandler
                0x08002b08                TIM1_TRG_COM_TIM11_IRQHandler
                0x08002b08                OTG_HS_IRQHandler
                0x08002b08                EXTI1_IRQHandler
                0x08002b08                I2C2_ER_IRQHandler
                0x08002b08                DMA2_Stream1_IRQHandler
                0x08002b08                CAN1_SCE_IRQHandler
                0x08002b08                FLASH_IRQHandler
                0x08002b08                DMA2_Stream4_IRQHandler
                0x08002b08                BusFault_Handler
                0x08002b08                USART1_IRQHandler
                0x08002b08                OTG_FS_IRQHandler
                0x08002b08                SPI3_IRQHandler
                0x08002b08                DMA1_Stream4_IRQHandler
                0x08002b08                I2C1_ER_IRQHandler
                0x08002b08                DMA2_Stream6_IRQHandler
                0x08002b08                DMA1_Stream3_IRQHandler
 .text.atof     0x08002b0a        0x6 c:/users/ee07pc14adm/.p2/pool/plugins/fr.ac6.mcu.externaltools.arm-none.win32_1.13.2.201703061525/tools/compiler/bin/../lib/gcc/arm-none-eabi/5.4.1/../../../../arm-none-eabi/lib/armv7e-m/fpu\libc_nano.a(lib_a-atof.o)
                0x08002b0a                atof
 .text.atoi     0x08002b10        0x8 c:/users/ee07pc14adm/.p2/pool/plugins/fr.ac6.mcu.externaltools.arm-none.win32_1.13.2.201703061525/tools/compiler/bin/../lib/gcc/arm-none-eabi/5.4.1/../../../../arm-none-eabi/lib/armv7e-m/fpu\libc_nano.a(lib_a-atoi.o)
                0x08002b10                atoi
 .text.__libc_init_array
                0x08002b18       0x4c c:/users/ee07pc14adm/.p2/pool/plugins/fr.ac6.mcu.externaltools.arm-none.win32_1.13.2.201703061525/tools/compiler/bin/../lib/gcc/arm-none-eabi/5.4.1/../../../../arm-none-eabi/lib/armv7e-m/fpu\libc_nano.a(lib_a-init.o)
                0x08002b18                __libc_init_array
 .text.memset   0x08002b64       0x10 c:/users/ee07pc14adm/.p2/pool/plugins/fr.ac6.mcu.externaltools.arm-none.win32_1.13.2.201703061525/tools/compiler/bin/../lib/gcc/arm-none-eabi/5.4.1/../../../../arm-none-eabi/lib/armv7e-m/fpu\libc_nano.a(lib_a-memset.o)
                0x08002b64                memset
 .text.unlikely.sulp
                0x08002b74       0x38 c:/users/ee07pc14adm/.p2/pool/plugins/fr.ac6.mcu.externaltools.arm-none.win32_1.13.2.201703061525/tools/compiler/bin/../lib/gcc/arm-none-eabi/5.4.1/../../../../arm-none-eabi/lib/armv7e-m/fpu\libc_nano.a(lib_a-strtod.o)
 *fill*         0x08002bac        0x4 
 .text._strtod_l
                0x08002bb0      0xbf0 c:/users/ee07pc14adm/.p2/pool/plugins/fr.ac6.mcu.externaltools.arm-none.win32_1.13.2.201703061525/tools/compiler/bin/../lib/gcc/arm-none-eabi/5.4.1/../../../../arm-none-eabi/lib/armv7e-m/fpu\libc_nano.a(lib_a-strtod.o)
                0x08002bb0                _strtod_l
 .text.strtod   0x080037a0       0x28 c:/users/ee07pc14adm/.p2/pool/plugins/fr.ac6.mcu.externaltools.arm-none.win32_1.13.2.201703061525/tools/compiler/bin/../lib/gcc/arm-none-eabi/5.4.1/../../../../arm-none-eabi/lib/armv7e-m/fpu\libc_nano.a(lib_a-strtod.o)
                0x080037a0                strtod
 .text._strtol_l.isra.0
                0x080037c8      0x110 c:/users/ee07pc14adm/.p2/pool/plugins/fr.ac6.mcu.externaltools.arm-none.win32_1.13.2.201703061525/tools/compiler/bin/../lib/gcc/arm-none-eabi/5.4.1/../../../../arm-none-eabi/lib/armv7e-m/fpu\libc_nano.a(lib_a-strtol.o)
 .text.strtol   0x080038d8       0x2c c:/users/ee07pc14adm/.p2/pool/plugins/fr.ac6.mcu.externaltools.arm-none.win32_1.13.2.201703061525/tools/compiler/bin/../lib/gcc/arm-none-eabi/5.4.1/../../../../arm-none-eabi/lib/armv7e-m/fpu\libc_nano.a(lib_a-strtol.o)
                0x080038d8                strtol
 .text.rshift   0x08003904       0x6c c:/users/ee07pc14adm/.p2/pool/plugins/fr.ac6.mcu.externaltools.arm-none.win32_1.13.2.201703061525/tools/compiler/bin/../lib/gcc/arm-none-eabi/5.4.1/../../../../arm-none-eabi/lib/armv7e-m/fpu\libc_nano.a(lib_a-gdtoa-gethex.o)
 .text.__hexdig_fun
                0x08003970       0x2a c:/users/ee07pc14adm/.p2/pool/plugins/fr.ac6.mcu.externaltools.arm-none.win32_1.13.2.201703061525/tools/compiler/bin/../lib/gcc/arm-none-eabi/5.4.1/../../../../arm-none-eabi/lib/armv7e-m/fpu\libc_nano.a(lib_a-gdtoa-gethex.o)
                0x08003970                __hexdig_fun
 .text.__gethex
                0x0800399a      0x440 c:/users/ee07pc14adm/.p2/pool/plugins/fr.ac6.mcu.externaltools.arm-none.win32_1.13.2.201703061525/tools/compiler/bin/../lib/gcc/arm-none-eabi/5.4.1/../../../../arm-none-eabi/lib/armv7e-m/fpu\libc_nano.a(lib_a-gdtoa-gethex.o)
                0x0800399a                __gethex
 .text.L_shift  0x08003dda       0x24 c:/users/ee07pc14adm/.p2/pool/plugins/fr.ac6.mcu.externaltools.arm-none.win32_1.13.2.201703061525/tools/compiler/bin/../lib/gcc/arm-none-eabi/5.4.1/../../../../arm-none-eabi/lib/armv7e-m/fpu\libc_nano.a(lib_a-gdtoa-hexnan.o)
 .text.__match  0x08003dfe       0x26 c:/users/ee07pc14adm/.p2/pool/plugins/fr.ac6.mcu.externaltools.arm-none.win32_1.13.2.201703061525/tools/compiler/bin/../lib/gcc/arm-none-eabi/5.4.1/../../../../arm-none-eabi/lib/armv7e-m/fpu\libc_nano.a(lib_a-gdtoa-hexnan.o)
                0x08003dfe                __match
 .text.__hexnan
                0x08003e24      0x11c c:/users/ee07pc14adm/.p2/pool/plugins/fr.ac6.mcu.externaltools.arm-none.win32_1.13.2.201703061525/tools/compiler/bin/../lib/gcc/arm-none-eabi/5.4.1/../../../../arm-none-eabi/lib/armv7e-m/fpu\libc_nano.a(lib_a-gdtoa-hexnan.o)
                0x08003e24                __hexnan
 .text.__locale_ctype_ptr_l
                0x08003f40        0x6 c:/users/ee07pc14adm/.p2/pool/plugins/fr.ac6.mcu.externaltools.arm-none.win32_1.13.2.201703061525/tools/compiler/bin/../lib/gcc/arm-none-eabi/5.4.1/../../../../arm-none-eabi/lib/armv7e-m/fpu\libc_nano.a(lib_a-locale.o)
                0x08003f40                __locale_ctype_ptr_l
 .text.__localeconv_l
                0x08003f46        0x4 c:/users/ee07pc14adm/.p2/pool/plugins/fr.ac6.mcu.externaltools.arm-none.win32_1.13.2.201703061525/tools/compiler/bin/../lib/gcc/arm-none-eabi/5.4.1/../../../../arm-none-eabi/lib/armv7e-m/fpu\libc_nano.a(lib_a-localeconv.o)
                0x08003f46                __localeconv_l
 .text.__ascii_mbtowc
                0x08003f4a       0x24 c:/users/ee07pc14adm/.p2/pool/plugins/fr.ac6.mcu.externaltools.arm-none.win32_1.13.2.201703061525/tools/compiler/bin/../lib/gcc/arm-none-eabi/5.4.1/../../../../arm-none-eabi/lib/armv7e-m/fpu\libc_nano.a(lib_a-mbtowc_r.o)
                0x08003f4a                __ascii_mbtowc
 .text.memcpy   0x08003f6e       0x16 c:/users/ee07pc14adm/.p2/pool/plugins/fr.ac6.mcu.externaltools.arm-none.win32_1.13.2.201703061525/tools/compiler/bin/../lib/gcc/arm-none-eabi/5.4.1/../../../../arm-none-eabi/lib/armv7e-m/fpu\libc_nano.a(lib_a-memcpy-stub.o)
                0x08003f6e                memcpy
 .text._Balloc  0x08003f84       0x6a c:/users/ee07pc14adm/.p2/pool/plugins/fr.ac6.mcu.externaltools.arm-none.win32_1.13.2.201703061525/tools/compiler/bin/../lib/gcc/arm-none-eabi/5.4.1/../../../../arm-none-eabi/lib/armv7e-m/fpu\libc_nano.a(lib_a-mprec.o)
                0x08003f84                _Balloc
 .text._Bfree   0x08003fee       0x2e c:/users/ee07pc14adm/.p2/pool/plugins/fr.ac6.mcu.externaltools.arm-none.win32_1.13.2.201703061525/tools/compiler/bin/../lib/gcc/arm-none-eabi/5.4.1/../../../../arm-none-eabi/lib/armv7e-m/fpu\libc_nano.a(lib_a-mprec.o)
                0x08003fee                _Bfree
 .text.__multadd
                0x0800401c       0x76 c:/users/ee07pc14adm/.p2/pool/plugins/fr.ac6.mcu.externaltools.arm-none.win32_1.13.2.201703061525/tools/compiler/bin/../lib/gcc/arm-none-eabi/5.4.1/../../../../arm-none-eabi/lib/armv7e-m/fpu\libc_nano.a(lib_a-mprec.o)
                0x0800401c                __multadd
 .text.__s2b    0x08004092       0x7c c:/users/ee07pc14adm/.p2/pool/plugins/fr.ac6.mcu.externaltools.arm-none.win32_1.13.2.201703061525/tools/compiler/bin/../lib/gcc/arm-none-eabi/5.4.1/../../../../arm-none-eabi/lib/armv7e-m/fpu\libc_nano.a(lib_a-mprec.o)
                0x08004092                __s2b
 .text.__hi0bits
                0x0800410e       0x40 c:/users/ee07pc14adm/.p2/pool/plugins/fr.ac6.mcu.externaltools.arm-none.win32_1.13.2.201703061525/tools/compiler/bin/../lib/gcc/arm-none-eabi/5.4.1/../../../../arm-none-eabi/lib/armv7e-m/fpu\libc_nano.a(lib_a-mprec.o)
                0x0800410e                __hi0bits
 .text.__lo0bits
                0x0800414e       0x5a c:/users/ee07pc14adm/.p2/pool/plugins/fr.ac6.mcu.externaltools.arm-none.win32_1.13.2.201703061525/tools/compiler/bin/../lib/gcc/arm-none-eabi/5.4.1/../../../../arm-none-eabi/lib/armv7e-m/fpu\libc_nano.a(lib_a-mprec.o)
                0x0800414e                __lo0bits
 .text.__i2b    0x080041a8       0x12 c:/users/ee07pc14adm/.p2/pool/plugins/fr.ac6.mcu.externaltools.arm-none.win32_1.13.2.201703061525/tools/compiler/bin/../lib/gcc/arm-none-eabi/5.4.1/../../../../arm-none-eabi/lib/armv7e-m/fpu\libc_nano.a(lib_a-mprec.o)
                0x080041a8                __i2b
 .text.__multiply
                0x080041ba      0x122 c:/users/ee07pc14adm/.p2/pool/plugins/fr.ac6.mcu.externaltools.arm-none.win32_1.13.2.201703061525/tools/compiler/bin/../lib/gcc/arm-none-eabi/5.4.1/../../../../arm-none-eabi/lib/armv7e-m/fpu\libc_nano.a(lib_a-mprec.o)
                0x080041ba                __multiply
 .text.__pow5mult
                0x080042dc       0x9c c:/users/ee07pc14adm/.p2/pool/plugins/fr.ac6.mcu.externaltools.arm-none.win32_1.13.2.201703061525/tools/compiler/bin/../lib/gcc/arm-none-eabi/5.4.1/../../../../arm-none-eabi/lib/armv7e-m/fpu\libc_nano.a(lib_a-mprec.o)
                0x080042dc                __pow5mult
 .text.__lshift
                0x08004378       0xa2 c:/users/ee07pc14adm/.p2/pool/plugins/fr.ac6.mcu.externaltools.arm-none.win32_1.13.2.201703061525/tools/compiler/bin/../lib/gcc/arm-none-eabi/5.4.1/../../../../arm-none-eabi/lib/armv7e-m/fpu\libc_nano.a(lib_a-mprec.o)
                0x08004378                __lshift
 .text.__mcmp   0x0800441a       0x38 c:/users/ee07pc14adm/.p2/pool/plugins/fr.ac6.mcu.externaltools.arm-none.win32_1.13.2.201703061525/tools/compiler/bin/../lib/gcc/arm-none-eabi/5.4.1/../../../../arm-none-eabi/lib/armv7e-m/fpu\libc_nano.a(lib_a-mprec.o)
                0x0800441a                __mcmp
 .text.__mdiff  0x08004452       0xbe c:/users/ee07pc14adm/.p2/pool/plugins/fr.ac6.mcu.externaltools.arm-none.win32_1.13.2.201703061525/tools/compiler/bin/../lib/gcc/arm-none-eabi/5.4.1/../../../../arm-none-eabi/lib/armv7e-m/fpu\libc_nano.a(lib_a-mprec.o)
                0x08004452                __mdiff
 .text.__ulp    0x08004510       0x50 c:/users/ee07pc14adm/.p2/pool/plugins/fr.ac6.mcu.externaltools.arm-none.win32_1.13.2.201703061525/tools/compiler/bin/../lib/gcc/arm-none-eabi/5.4.1/../../../../arm-none-eabi/lib/armv7e-m/fpu\libc_nano.a(lib_a-mprec.o)
                0x08004510                __ulp
 .text.__b2d    0x08004560       0x9a c:/users/ee07pc14adm/.p2/pool/plugins/fr.ac6.mcu.externaltools.arm-none.win32_1.13.2.201703061525/tools/compiler/bin/../lib/gcc/arm-none-eabi/5.4.1/../../../../arm-none-eabi/lib/armv7e-m/fpu\libc_nano.a(lib_a-mprec.o)
                0x08004560                __b2d
 .text.__d2b    0x080045fa       0x9c c:/users/ee07pc14adm/.p2/pool/plugins/fr.ac6.mcu.externaltools.arm-none.win32_1.13.2.201703061525/tools/compiler/bin/../lib/gcc/arm-none-eabi/5.4.1/../../../../arm-none-eabi/lib/armv7e-m/fpu\libc_nano.a(lib_a-mprec.o)
                0x080045fa                __d2b
 .text.__ratio  0x08004696       0x54 c:/users/ee07pc14adm/.p2/pool/plugins/fr.ac6.mcu.externaltools.arm-none.win32_1.13.2.201703061525/tools/compiler/bin/../lib/gcc/arm-none-eabi/5.4.1/../../../../arm-none-eabi/lib/armv7e-m/fpu\libc_nano.a(lib_a-mprec.o)
                0x08004696                __ratio
 .text.__copybits
                0x080046ea       0x34 c:/users/ee07pc14adm/.p2/pool/plugins/fr.ac6.mcu.externaltools.arm-none.win32_1.13.2.201703061525/tools/compiler/bin/../lib/gcc/arm-none-eabi/5.4.1/../../../../arm-none-eabi/lib/armv7e-m/fpu\libc_nano.a(lib_a-mprec.o)
                0x080046ea                __copybits
 .text.__any_on
                0x0800471e       0x44 c:/users/ee07pc14adm/.p2/pool/plugins/fr.ac6.mcu.externaltools.arm-none.win32_1.13.2.201703061525/tools/compiler/bin/../lib/gcc/arm-none-eabi/5.4.1/../../../../arm-none-eabi/lib/armv7e-m/fpu\libc_nano.a(lib_a-mprec.o)
                0x0800471e                __any_on
 .text._calloc_r
                0x08004762       0x1c c:/users/ee07pc14adm/.p2/pool/plugins/fr.ac6.mcu.externaltools.arm-none.win32_1.13.2.201703061525/tools/compiler/bin/../lib/gcc/arm-none-eabi/5.4.1/../../../../arm-none-eabi/lib/armv7e-m/fpu\libc_nano.a(lib_a-nano-callocr.o)
                0x08004762                _calloc_r
 *fill*         0x0800477e        0x2 
 .text._malloc_r
                0x08004780       0xbc c:/users/ee07pc14adm/.p2/pool/plugins/fr.ac6.mcu.externaltools.arm-none.win32_1.13.2.201703061525/tools/compiler/bin/../lib/gcc/arm-none-eabi/5.4.1/../../../../arm-none-eabi/lib/armv7e-m/fpu\libc_nano.a(lib_a-nano-mallocr.o)
                0x08004780                _malloc_r
 .text._sbrk_r  0x0800483c       0x20 c:/users/ee07pc14adm/.p2/pool/plugins/fr.ac6.mcu.externaltools.arm-none.win32_1.13.2.201703061525/tools/compiler/bin/../lib/gcc/arm-none-eabi/5.4.1/../../../../arm-none-eabi/lib/armv7e-m/fpu\libc_nano.a(lib_a-sbrkr.o)
                0x0800483c                _sbrk_r
 .text.strncmp  0x0800485c       0x2a c:/users/ee07pc14adm/.p2/pool/plugins/fr.ac6.mcu.externaltools.arm-none.win32_1.13.2.201703061525/tools/compiler/bin/../lib/gcc/arm-none-eabi/5.4.1/../../../../arm-none-eabi/lib/armv7e-m/fpu\libc_nano.a(lib_a-strncmp.o)
                0x0800485c                strncmp
 .text.__ascii_wctomb
                0x08004886       0x1a c:/users/ee07pc14adm/.p2/pool/plugins/fr.ac6.mcu.externaltools.arm-none.win32_1.13.2.201703061525/tools/compiler/bin/../lib/gcc/arm-none-eabi/5.4.1/../../../../arm-none-eabi/lib/armv7e-m/fpu\libc_nano.a(lib_a-wctomb_r.o)
                0x08004886                __ascii_wctomb
 .text.malloc   0x080048a0       0x10 c:/users/ee07pc14adm/.p2/pool/plugins/fr.ac6.mcu.externaltools.arm-none.win32_1.13.2.201703061525/tools/compiler/bin/../lib/gcc/arm-none-eabi/5.4.1/../../../../arm-none-eabi/lib/armv7e-m/fpu\libc_nano.a(lib_a-malloc.o)
                0x080048a0                malloc
 .text.__malloc_lock
                0x080048b0        0x2 c:/users/ee07pc14adm/.p2/pool/plugins/fr.ac6.mcu.externaltools.arm-none.win32_1.13.2.201703061525/tools/compiler/bin/../lib/gcc/arm-none-eabi/5.4.1/../../../../arm-none-eabi/lib/armv7e-m/fpu\libc_nano.a(lib_a-mlock.o)
                0x080048b0                __malloc_lock
 .text.__malloc_unlock
                0x080048b2        0x2 c:/users/ee07pc14adm/.p2/pool/plugins/fr.ac6.mcu.externaltools.arm-none.win32_1.13.2.201703061525/tools/compiler/bin/../lib/gcc/arm-none-eabi/5.4.1/../../../../arm-none-eabi/lib/armv7e-m/fpu\libc_nano.a(lib_a-mlock.o)
                0x080048b2                __malloc_unlock
 .text._sbrk    0x080048b4       0x1c c:/users/ee07pc14adm/.p2/pool/plugins/fr.ac6.mcu.externaltools.arm-none.win32_1.13.2.201703061525/tools/compiler/bin/../lib/gcc/arm-none-eabi/5.4.1/../../../../arm-none-eabi/lib/armv7e-m/fpu\libnosys.a(sbrk.o)
                0x080048b4                _sbrk
 *(.glue_7)
 .glue_7        0x080048d0        0x0 linker stubs
 *(.glue_7t)
 .glue_7t       0x080048d0        0x0 linker stubs
 *(.eh_frame)
 .eh_frame      0x080048d0        0x0 c:/users/ee07pc14adm/.p2/pool/plugins/fr.ac6.mcu.externaltools.arm-none.win32_1.13.2.201703061525/tools/compiler/bin/../lib/gcc/arm-none-eabi/5.4.1/armv7e-m/fpu/crtbegin.o
 *(.init)
 .init          0x080048d0        0x4 c:/users/ee07pc14adm/.p2/pool/plugins/fr.ac6.mcu.externaltools.arm-none.win32_1.13.2.201703061525/tools/compiler/bin/../lib/gcc/arm-none-eabi/5.4.1/armv7e-m/fpu/crti.o
                0x080048d0                _init
 .init          0x080048d4        0x8 c:/users/ee07pc14adm/.p2/pool/plugins/fr.ac6.mcu.externaltools.arm-none.win32_1.13.2.201703061525/tools/compiler/bin/../lib/gcc/arm-none-eabi/5.4.1/armv7e-m/fpu/crtn.o
 *(.fini)
 .fini          0x080048dc        0x4 c:/users/ee07pc14adm/.p2/pool/plugins/fr.ac6.mcu.externaltools.arm-none.win32_1.13.2.201703061525/tools/compiler/bin/../lib/gcc/arm-none-eabi/5.4.1/armv7e-m/fpu/crti.o
                0x080048dc                _fini
 .fini          0x080048e0        0x8 c:/users/ee07pc14adm/.p2/pool/plugins/fr.ac6.mcu.externaltools.arm-none.win32_1.13.2.201703061525/tools/compiler/bin/../lib/gcc/arm-none-eabi/5.4.1/armv7e-m/fpu/crtn.o
                0x080048e8                . = ALIGN (0x4)
                0x080048e8                _etext = .

.vfp11_veneer   0x080048e8        0x0
 .vfp11_veneer  0x080048e8        0x0 linker stubs

.v4_bx          0x080048e8        0x0
 .v4_bx         0x080048e8        0x0 linker stubs

.iplt           0x080048e8        0x0
 .iplt          0x080048e8        0x0 c:/users/ee07pc14adm/.p2/pool/plugins/fr.ac6.mcu.externaltools.arm-none.win32_1.13.2.201703061525/tools/compiler/bin/../lib/gcc/arm-none-eabi/5.4.1/armv7e-m/fpu/crtbegin.o

.rodata         0x080048e8      0x2d0
                0x080048e8                . = ALIGN (0x4)
 *(.rodata)
 .rodata        0x080048e8       0x18 Src/system_stm32f4xx.o
                0x080048e8                AHBPrescTable
                0x080048f8                APBPrescTable
 *(.rodata*)
 .rodata.str1.4
                0x08004900       0x4c Src/main.o
                                 0x49 (size before relaxing)
 .rodata.fpi.6181
                0x0800494c       0x14 c:/users/ee07pc14adm/.p2/pool/plugins/fr.ac6.mcu.externaltools.arm-none.win32_1.13.2.201703061525/tools/compiler/bin/../lib/gcc/arm-none-eabi/5.4.1/../../../../arm-none-eabi/lib/armv7e-m/fpu\libc_nano.a(lib_a-strtod.o)
 .rodata.str1.1
                0x08004960        0xc c:/users/ee07pc14adm/.p2/pool/plugins/fr.ac6.mcu.externaltools.arm-none.win32_1.13.2.201703061525/tools/compiler/bin/../lib/gcc/arm-none-eabi/5.4.1/../../../../arm-none-eabi/lib/armv7e-m/fpu\libc_nano.a(lib_a-strtod.o)
 *fill*         0x0800496c        0x4 
 .rodata.tinytens
                0x08004970       0x28 c:/users/ee07pc14adm/.p2/pool/plugins/fr.ac6.mcu.externaltools.arm-none.win32_1.13.2.201703061525/tools/compiler/bin/../lib/gcc/arm-none-eabi/5.4.1/../../../../arm-none-eabi/lib/armv7e-m/fpu\libc_nano.a(lib_a-strtod.o)
 .rodata.fpinan.6217
                0x08004998       0x14 c:/users/ee07pc14adm/.p2/pool/plugins/fr.ac6.mcu.externaltools.arm-none.win32_1.13.2.201703061525/tools/compiler/bin/../lib/gcc/arm-none-eabi/5.4.1/../../../../arm-none-eabi/lib/armv7e-m/fpu\libc_nano.a(lib_a-strtod.o)
 .rodata.str1.1
                0x080049ac        0xa c:/users/ee07pc14adm/.p2/pool/plugins/fr.ac6.mcu.externaltools.arm-none.win32_1.13.2.201703061525/tools/compiler/bin/../lib/gcc/arm-none-eabi/5.4.1/../../../../arm-none-eabi/lib/armv7e-m/fpu\libc_nano.a(lib_a-locale.o)
                                  0xb (size before relaxing)
 *fill*         0x080049b6        0x2 
 .rodata.__mprec_tens
                0x080049b8       0xc8 c:/users/ee07pc14adm/.p2/pool/plugins/fr.ac6.mcu.externaltools.arm-none.win32_1.13.2.201703061525/tools/compiler/bin/../lib/gcc/arm-none-eabi/5.4.1/../../../../arm-none-eabi/lib/armv7e-m/fpu\libc_nano.a(lib_a-mprec.o)
                0x080049b8                __mprec_tens
 .rodata.__mprec_bigtens
                0x08004a80       0x28 c:/users/ee07pc14adm/.p2/pool/plugins/fr.ac6.mcu.externaltools.arm-none.win32_1.13.2.201703061525/tools/compiler/bin/../lib/gcc/arm-none-eabi/5.4.1/../../../../arm-none-eabi/lib/armv7e-m/fpu\libc_nano.a(lib_a-mprec.o)
                0x08004a80                __mprec_bigtens
 .rodata.p05.6099
                0x08004aa8        0xc c:/users/ee07pc14adm/.p2/pool/plugins/fr.ac6.mcu.externaltools.arm-none.win32_1.13.2.201703061525/tools/compiler/bin/../lib/gcc/arm-none-eabi/5.4.1/../../../../arm-none-eabi/lib/armv7e-m/fpu\libc_nano.a(lib_a-mprec.o)
 .rodata._ctype_
                0x08004ab4      0x101 c:/users/ee07pc14adm/.p2/pool/plugins/fr.ac6.mcu.externaltools.arm-none.win32_1.13.2.201703061525/tools/compiler/bin/../lib/gcc/arm-none-eabi/5.4.1/../../../../arm-none-eabi/lib/armv7e-m/fpu\libc_nano.a(lib_a-ctype_.o)
                0x08004ab4                _ctype_
                0x08004bb8                . = ALIGN (0x4)
 *fill*         0x08004bb5        0x3 

.ARM.extab
 *(.ARM.extab* .gnu.linkonce.armextab.*)

.ARM            0x08004bb8        0x8
                0x08004bb8                __exidx_start = .
 *(.ARM.exidx*)
 .ARM.exidx     0x08004bb8        0x8 c:/users/ee07pc14adm/.p2/pool/plugins/fr.ac6.mcu.externaltools.arm-none.win32_1.13.2.201703061525/tools/compiler/bin/../lib/gcc/arm-none-eabi/5.4.1/armv7e-m/fpu\libgcc.a(_udivmoddi4.o)
                0x08004bc0                __exidx_end = .

.rel.dyn        0x08004bc0        0x0
 .rel.iplt      0x08004bc0        0x0 c:/users/ee07pc14adm/.p2/pool/plugins/fr.ac6.mcu.externaltools.arm-none.win32_1.13.2.201703061525/tools/compiler/bin/../lib/gcc/arm-none-eabi/5.4.1/armv7e-m/fpu/crtbegin.o

.preinit_array  0x08004bc0        0x0
                0x08004bc0                PROVIDE (__preinit_array_start, .)
 *(.preinit_array*)
                0x08004bc0                PROVIDE (__preinit_array_end, .)

.init_array     0x08004bc0        0x4
                0x08004bc0                PROVIDE (__init_array_start, .)
 *(SORT(.init_array.*))
 *(.init_array*)
 .init_array    0x08004bc0        0x4 c:/users/ee07pc14adm/.p2/pool/plugins/fr.ac6.mcu.externaltools.arm-none.win32_1.13.2.201703061525/tools/compiler/bin/../lib/gcc/arm-none-eabi/5.4.1/armv7e-m/fpu/crtbegin.o
                0x08004bc4                PROVIDE (__init_array_end, .)

.fini_array     0x08004bc4        0x4
                [!provide]                PROVIDE (__fini_array_start, .)
 *(SORT(.fini_array.*))
 *(.fini_array*)
 .fini_array    0x08004bc4        0x4 c:/users/ee07pc14adm/.p2/pool/plugins/fr.ac6.mcu.externaltools.arm-none.win32_1.13.2.201703061525/tools/compiler/bin/../lib/gcc/arm-none-eabi/5.4.1/armv7e-m/fpu/crtbegin.o
                [!provide]                PROVIDE (__fini_array_end, .)
                0x08004bc8                _sidata = LOADADDR (.data)

.data           0x20000000      0x1e4 load address 0x08004bc8
                0x20000000                . = ALIGN (0x4)
                0x20000000                _sdata = .
 *(.data)
 .data          0x20000000        0x8 Drivers/STM32F4xx_HAL_Driver/Src/stm32f4xx_hal.o
                0x20000000                uwTickFreq
                0x20000004                uwTickPrio
 .data          0x20000008        0x8 Src/main.o
                0x20000008                test
                0x2000000c                buff
 .data          0x20000010        0x4 Src/system_stm32f4xx.o
                0x20000010                SystemCoreClock
 *(.data*)
 .data.impure_data
                0x20000014       0x60 c:/users/ee07pc14adm/.p2/pool/plugins/fr.ac6.mcu.externaltools.arm-none.win32_1.13.2.201703061525/tools/compiler/bin/../lib/gcc/arm-none-eabi/5.4.1/../../../../arm-none-eabi/lib/armv7e-m/fpu\libc_nano.a(lib_a-impure.o)
 .data._impure_ptr
                0x20000074        0x4 c:/users/ee07pc14adm/.p2/pool/plugins/fr.ac6.mcu.externaltools.arm-none.win32_1.13.2.201703061525/tools/compiler/bin/../lib/gcc/arm-none-eabi/5.4.1/../../../../arm-none-eabi/lib/armv7e-m/fpu\libc_nano.a(lib_a-impure.o)
                0x20000074                _impure_ptr
 .data.__global_locale
                0x20000078      0x16c c:/users/ee07pc14adm/.p2/pool/plugins/fr.ac6.mcu.externaltools.arm-none.win32_1.13.2.201703061525/tools/compiler/bin/../lib/gcc/arm-none-eabi/5.4.1/../../../../arm-none-eabi/lib/armv7e-m/fpu\libc_nano.a(lib_a-locale.o)
                0x20000078                __global_locale
                0x200001e4                . = ALIGN (0x4)
                0x200001e4                _edata = .
                0x08004dac                _siccmram = LOADADDR (.ccmram)

.jcr            0x200001e4        0x0 load address 0x08004dac
 .jcr           0x200001e4        0x0 c:/users/ee07pc14adm/.p2/pool/plugins/fr.ac6.mcu.externaltools.arm-none.win32_1.13.2.201703061525/tools/compiler/bin/../lib/gcc/arm-none-eabi/5.4.1/armv7e-m/fpu/crtbegin.o

.igot.plt       0x200001e4        0x0 load address 0x08004dac
 .igot.plt      0x200001e4        0x0 c:/users/ee07pc14adm/.p2/pool/plugins/fr.ac6.mcu.externaltools.arm-none.win32_1.13.2.201703061525/tools/compiler/bin/../lib/gcc/arm-none-eabi/5.4.1/armv7e-m/fpu/crtbegin.o

.ccmram         0x10000000        0x0 load address 0x08004dac
                0x10000000                . = ALIGN (0x4)
                0x10000000                _sccmram = .
 *(.ccmram)
 *(.ccmram*)
                0x10000000                . = ALIGN (0x4)
                0x10000000                _eccmram = .
                0x10000000                . = ALIGN (0x4)

.bss            0x200001e8      0x21c
                0x200001e8                _sbss = .
                0x200001e8                __bss_start__ = _sbss
 *(.bss)
 .bss           0x200001e8       0x1c c:/users/ee07pc14adm/.p2/pool/plugins/fr.ac6.mcu.externaltools.arm-none.win32_1.13.2.201703061525/tools/compiler/bin/../lib/gcc/arm-none-eabi/5.4.1/armv7e-m/fpu/crtbegin.o
 .bss           0x20000204       0x10 Src/main.o
                0x20000204                Transfer_cplt
                0x20000208                result
                0x2000020c                printLCD
                0x20000210                dataReceived
 *(.bss*)
 .bss.__malloc_sbrk_start
                0x20000214        0x4 c:/users/ee07pc14adm/.p2/pool/plugins/fr.ac6.mcu.externaltools.arm-none.win32_1.13.2.201703061525/tools/compiler/bin/../lib/gcc/arm-none-eabi/5.4.1/../../../../arm-none-eabi/lib/armv7e-m/fpu\libc_nano.a(lib_a-nano-mallocr.o)
                0x20000214                __malloc_sbrk_start
 .bss.__malloc_free_list
                0x20000218        0x4 c:/users/ee07pc14adm/.p2/pool/plugins/fr.ac6.mcu.externaltools.arm-none.win32_1.13.2.201703061525/tools/compiler/bin/../lib/gcc/arm-none-eabi/5.4.1/../../../../arm-none-eabi/lib/armv7e-m/fpu\libc_nano.a(lib_a-nano-mallocr.o)
                0x20000218                __malloc_free_list
 .bss.heap_end.4169
                0x2000021c        0x4 c:/users/ee07pc14adm/.p2/pool/plugins/fr.ac6.mcu.externaltools.arm-none.win32_1.13.2.201703061525/tools/compiler/bin/../lib/gcc/arm-none-eabi/5.4.1/../../../../arm-none-eabi/lib/armv7e-m/fpu\libnosys.a(sbrk.o)
 *(COMMON)
 COMMON         0x20000220        0x4 Drivers/STM32F4xx_HAL_Driver/Src/stm32f4xx_hal.o
                0x20000220                uwTick
 *fill*         0x20000224        0x4 
 COMMON         0x20000228      0x1d8 Src/main.o
                0x20000228                prevTimeLED
                0x2000022c                Rx_indx
                0x20000230                longDegBuff
                0x20000234                hi2c1
                0x20000288                longMinBuff
                0x20000290                RMC
                0x200002d0                Rx_data
                0x200002d4                prevTimeTransmit
                0x200002d8                huart1
                0x20000318                latMinBuff
                0x20000320                prevTimeLCD
                0x20000324                CoordinateType
                0x2000032c                Rx_Buffer
                0x2000037c                GPS_Data
                0x200003b8                latDegBuff
                0x200003bc                huart2
                0x200003fc                currTime
 COMMON         0x20000400        0x4 c:/users/ee07pc14adm/.p2/pool/plugins/fr.ac6.mcu.externaltools.arm-none.win32_1.13.2.201703061525/tools/compiler/bin/../lib/gcc/arm-none-eabi/5.4.1/../../../../arm-none-eabi/lib/armv7e-m/fpu\libc_nano.a(lib_a-reent.o)
                0x20000400                errno
                0x20000404                . = ALIGN (0x4)
                0x20000404                _ebss = .
                0x20000404                __bss_end__ = _ebss

._user_heap_stack
                0x20000404      0x604
                0x20000408                . = ALIGN (0x8)
 *fill*         0x20000404        0x4 
                0x20000408                PROVIDE (end, .)
                [!provide]                PROVIDE (_end, .)
                0x20000608                . = (. + _Min_Heap_Size)
 *fill*         0x20000408      0x200 
                0x20000a08                . = (. + _Min_Stack_Size)
 *fill*         0x20000608      0x400 
                0x20000a08                . = ALIGN (0x8)

/DISCARD/
 libc.a(*)
 libm.a(*)
 libgcc.a(*)

.ARM.attributes
                0x00000000       0x30
 *(.ARM.attributes)
 .ARM.attributes
                0x00000000       0x22 c:/users/ee07pc14adm/.p2/pool/plugins/fr.ac6.mcu.externaltools.arm-none.win32_1.13.2.201703061525/tools/compiler/bin/../lib/gcc/arm-none-eabi/5.4.1/armv7e-m/fpu/crti.o
 .ARM.attributes
                0x00000022       0x34 c:/users/ee07pc14adm/.p2/pool/plugins/fr.ac6.mcu.externaltools.arm-none.win32_1.13.2.201703061525/tools/compiler/bin/../lib/gcc/arm-none-eabi/5.4.1/armv7e-m/fpu/crtbegin.o
 .ARM.attributes
                0x00000056       0x39 Drivers/STM32F4xx_HAL_Driver/Src/stm32f4xx_hal.o
 .ARM.attributes
                0x0000008f       0x39 Drivers/STM32F4xx_HAL_Driver/Src/stm32f4xx_hal_cortex.o
 .ARM.attributes
                0x000000c8       0x39 Drivers/STM32F4xx_HAL_Driver/Src/stm32f4xx_hal_dma.o
 .ARM.attributes
                0x00000101       0x39 Drivers/STM32F4xx_HAL_Driver/Src/stm32f4xx_hal_gpio.o
 .ARM.attributes
                0x0000013a       0x39 Drivers/STM32F4xx_HAL_Driver/Src/stm32f4xx_hal_i2c.o
 .ARM.attributes
                0x00000173       0x39 Drivers/STM32F4xx_HAL_Driver/Src/stm32f4xx_hal_rcc.o
 .ARM.attributes
                0x000001ac       0x39 Drivers/STM32F4xx_HAL_Driver/Src/stm32f4xx_hal_uart.o
 .ARM.attributes
                0x000001e5       0x39 Src/main.o
 .ARM.attributes
                0x0000021e       0x39 Src/stm32f4xx_hal_msp.o
 .ARM.attributes
                0x00000257       0x39 Src/stm32f4xx_it.o
 .ARM.attributes
                0x00000290       0x39 Src/system_stm32f4xx.o
 .ARM.attributes
                0x000002c9       0x21 startup/startup_stm32f407xx.o
 .ARM.attributes
                0x000002ea       0x22 c:/users/ee07pc14adm/.p2/pool/plugins/fr.ac6.mcu.externaltools.arm-none.win32_1.13.2.201703061525/tools/compiler/bin/../lib/gcc/arm-none-eabi/5.4.1/armv7e-m/fpu\libgcc.a(_aeabi_uldivmod.o)
 .ARM.attributes
                0x0000030c       0x34 c:/users/ee07pc14adm/.p2/pool/plugins/fr.ac6.mcu.externaltools.arm-none.win32_1.13.2.201703061525/tools/compiler/bin/../lib/gcc/arm-none-eabi/5.4.1/armv7e-m/fpu\libgcc.a(_udivmoddi4.o)
 .ARM.attributes
                0x00000340       0x22 c:/users/ee07pc14adm/.p2/pool/plugins/fr.ac6.mcu.externaltools.arm-none.win32_1.13.2.201703061525/tools/compiler/bin/../lib/gcc/arm-none-eabi/5.4.1/armv7e-m/fpu\libgcc.a(_dvmd_tls.o)
 .ARM.attributes
                0x00000362       0x34 c:/users/ee07pc14adm/.p2/pool/plugins/fr.ac6.mcu.externaltools.arm-none.win32_1.13.2.201703061525/tools/compiler/bin/../lib/gcc/arm-none-eabi/5.4.1/../../../../arm-none-eabi/lib/armv7e-m/fpu\libc_nano.a(lib_a-atof.o)
 .ARM.attributes
                0x00000396       0x34 c:/users/ee07pc14adm/.p2/pool/plugins/fr.ac6.mcu.externaltools.arm-none.win32_1.13.2.201703061525/tools/compiler/bin/../lib/gcc/arm-none-eabi/5.4.1/../../../../arm-none-eabi/lib/armv7e-m/fpu\libc_nano.a(lib_a-atoi.o)
 .ARM.attributes
                0x000003ca       0x34 c:/users/ee07pc14adm/.p2/pool/plugins/fr.ac6.mcu.externaltools.arm-none.win32_1.13.2.201703061525/tools/compiler/bin/../lib/gcc/arm-none-eabi/5.4.1/../../../../arm-none-eabi/lib/armv7e-m/fpu\libc_nano.a(lib_a-impure.o)
 .ARM.attributes
                0x000003fe       0x34 c:/users/ee07pc14adm/.p2/pool/plugins/fr.ac6.mcu.externaltools.arm-none.win32_1.13.2.201703061525/tools/compiler/bin/../lib/gcc/arm-none-eabi/5.4.1/../../../../arm-none-eabi/lib/armv7e-m/fpu\libc_nano.a(lib_a-init.o)
 .ARM.attributes
                0x00000432       0x34 c:/users/ee07pc14adm/.p2/pool/plugins/fr.ac6.mcu.externaltools.arm-none.win32_1.13.2.201703061525/tools/compiler/bin/../lib/gcc/arm-none-eabi/5.4.1/../../../../arm-none-eabi/lib/armv7e-m/fpu\libc_nano.a(lib_a-memset.o)
 .ARM.attributes
                0x00000466       0x20 c:/users/ee07pc14adm/.p2/pool/plugins/fr.ac6.mcu.externaltools.arm-none.win32_1.13.2.201703061525/tools/compiler/bin/../lib/gcc/arm-none-eabi/5.4.1/../../../../arm-none-eabi/lib/armv7e-m/fpu\libc_nano.a(lib_a-strcmp.o)
 .ARM.attributes
                0x00000486       0x34 c:/users/ee07pc14adm/.p2/pool/plugins/fr.ac6.mcu.externaltools.arm-none.win32_1.13.2.201703061525/tools/compiler/bin/../lib/gcc/arm-none-eabi/5.4.1/../../../../arm-none-eabi/lib/armv7e-m/fpu\libc_nano.a(lib_a-strtod.o)
 .ARM.attributes
                0x000004ba       0x34 c:/users/ee07pc14adm/.p2/pool/plugins/fr.ac6.mcu.externaltools.arm-none.win32_1.13.2.201703061525/tools/compiler/bin/../lib/gcc/arm-none-eabi/5.4.1/../../../../arm-none-eabi/lib/armv7e-m/fpu\libc_nano.a(lib_a-strtol.o)
 .ARM.attributes
                0x000004ee       0x34 c:/users/ee07pc14adm/.p2/pool/plugins/fr.ac6.mcu.externaltools.arm-none.win32_1.13.2.201703061525/tools/compiler/bin/../lib/gcc/arm-none-eabi/5.4.1/../../../../arm-none-eabi/lib/armv7e-m/fpu\libc_nano.a(lib_a-gdtoa-gethex.o)
 .ARM.attributes
                0x00000522       0x34 c:/users/ee07pc14adm/.p2/pool/plugins/fr.ac6.mcu.externaltools.arm-none.win32_1.13.2.201703061525/tools/compiler/bin/../lib/gcc/arm-none-eabi/5.4.1/../../../../arm-none-eabi/lib/armv7e-m/fpu\libc_nano.a(lib_a-gdtoa-hexnan.o)
 .ARM.attributes
                0x00000556       0x34 c:/users/ee07pc14adm/.p2/pool/plugins/fr.ac6.mcu.externaltools.arm-none.win32_1.13.2.201703061525/tools/compiler/bin/../lib/gcc/arm-none-eabi/5.4.1/../../../../arm-none-eabi/lib/armv7e-m/fpu\libc_nano.a(lib_a-locale.o)
 .ARM.attributes
                0x0000058a       0x34 c:/users/ee07pc14adm/.p2/pool/plugins/fr.ac6.mcu.externaltools.arm-none.win32_1.13.2.201703061525/tools/compiler/bin/../lib/gcc/arm-none-eabi/5.4.1/../../../../arm-none-eabi/lib/armv7e-m/fpu\libc_nano.a(lib_a-localeconv.o)
 .ARM.attributes
                0x000005be       0x34 c:/users/ee07pc14adm/.p2/pool/plugins/fr.ac6.mcu.externaltools.arm-none.win32_1.13.2.201703061525/tools/compiler/bin/../lib/gcc/arm-none-eabi/5.4.1/../../../../arm-none-eabi/lib/armv7e-m/fpu\libc_nano.a(lib_a-mbtowc_r.o)
 .ARM.attributes
                0x000005f2       0x34 c:/users/ee07pc14adm/.p2/pool/plugins/fr.ac6.mcu.externaltools.arm-none.win32_1.13.2.201703061525/tools/compiler/bin/../lib/gcc/arm-none-eabi/5.4.1/../../../../arm-none-eabi/lib/armv7e-m/fpu\libc_nano.a(lib_a-memcpy-stub.o)
 .ARM.attributes
                0x00000626       0x34 c:/users/ee07pc14adm/.p2/pool/plugins/fr.ac6.mcu.externaltools.arm-none.win32_1.13.2.201703061525/tools/compiler/bin/../lib/gcc/arm-none-eabi/5.4.1/../../../../arm-none-eabi/lib/armv7e-m/fpu\libc_nano.a(lib_a-mprec.o)
 .ARM.attributes
                0x0000065a       0x34 c:/users/ee07pc14adm/.p2/pool/plugins/fr.ac6.mcu.externaltools.arm-none.win32_1.13.2.201703061525/tools/compiler/bin/../lib/gcc/arm-none-eabi/5.4.1/../../../../arm-none-eabi/lib/armv7e-m/fpu\libc_nano.a(lib_a-nano-callocr.o)
 .ARM.attributes
                0x0000068e       0x34 c:/users/ee07pc14adm/.p2/pool/plugins/fr.ac6.mcu.externaltools.arm-none.win32_1.13.2.201703061525/tools/compiler/bin/../lib/gcc/arm-none-eabi/5.4.1/../../../../arm-none-eabi/lib/armv7e-m/fpu\libc_nano.a(lib_a-nano-mallocr.o)
 .ARM.attributes
                0x000006c2       0x34 c:/users/ee07pc14adm/.p2/pool/plugins/fr.ac6.mcu.externaltools.arm-none.win32_1.13.2.201703061525/tools/compiler/bin/../lib/gcc/arm-none-eabi/5.4.1/../../../../arm-none-eabi/lib/armv7e-m/fpu\libc_nano.a(lib_a-sbrkr.o)
 .ARM.attributes
                0x000006f6       0x1b c:/users/ee07pc14adm/.p2/pool/plugins/fr.ac6.mcu.externaltools.arm-none.win32_1.13.2.201703061525/tools/compiler/bin/../lib/gcc/arm-none-eabi/5.4.1/../../../../arm-none-eabi/lib/armv7e-m/fpu\libc_nano.a(lib_a-strlen.o)
 .ARM.attributes
                0x00000711       0x34 c:/users/ee07pc14adm/.p2/pool/plugins/fr.ac6.mcu.externaltools.arm-none.win32_1.13.2.201703061525/tools/compiler/bin/../lib/gcc/arm-none-eabi/5.4.1/../../../../arm-none-eabi/lib/armv7e-m/fpu\libc_nano.a(lib_a-strncmp.o)
 .ARM.attributes
                0x00000745       0x34 c:/users/ee07pc14adm/.p2/pool/plugins/fr.ac6.mcu.externaltools.arm-none.win32_1.13.2.201703061525/tools/compiler/bin/../lib/gcc/arm-none-eabi/5.4.1/../../../../arm-none-eabi/lib/armv7e-m/fpu\libc_nano.a(lib_a-wctomb_r.o)
 .ARM.attributes
                0x00000779       0x34 c:/users/ee07pc14adm/.p2/pool/plugins/fr.ac6.mcu.externaltools.arm-none.win32_1.13.2.201703061525/tools/compiler/bin/../lib/gcc/arm-none-eabi/5.4.1/../../../../arm-none-eabi/lib/armv7e-m/fpu\libc_nano.a(lib_a-ctype_.o)
 .ARM.attributes
                0x000007ad       0x34 c:/users/ee07pc14adm/.p2/pool/plugins/fr.ac6.mcu.externaltools.arm-none.win32_1.13.2.201703061525/tools/compiler/bin/../lib/gcc/arm-none-eabi/5.4.1/../../../../arm-none-eabi/lib/armv7e-m/fpu\libc_nano.a(lib_a-malloc.o)
 .ARM.attributes
                0x000007e1       0x34 c:/users/ee07pc14adm/.p2/pool/plugins/fr.ac6.mcu.externaltools.arm-none.win32_1.13.2.201703061525/tools/compiler/bin/../lib/gcc/arm-none-eabi/5.4.1/../../../../arm-none-eabi/lib/armv7e-m/fpu\libc_nano.a(lib_a-mlock.o)
 .ARM.attributes
                0x00000815       0x34 c:/users/ee07pc14adm/.p2/pool/plugins/fr.ac6.mcu.externaltools.arm-none.win32_1.13.2.201703061525/tools/compiler/bin/../lib/gcc/arm-none-eabi/5.4.1/../../../../arm-none-eabi/lib/armv7e-m/fpu\libc_nano.a(lib_a-reent.o)
 .ARM.attributes
                0x00000849       0x22 c:/users/ee07pc14adm/.p2/pool/plugins/fr.ac6.mcu.externaltools.arm-none.win32_1.13.2.201703061525/tools/compiler/bin/../lib/gcc/arm-none-eabi/5.4.1/armv7e-m/fpu\libgcc.a(_arm_addsubdf3.o)
 .ARM.attributes
                0x0000086b       0x22 c:/users/ee07pc14adm/.p2/pool/plugins/fr.ac6.mcu.externaltools.arm-none.win32_1.13.2.201703061525/tools/compiler/bin/../lib/gcc/arm-none-eabi/5.4.1/armv7e-m/fpu\libgcc.a(_arm_muldivdf3.o)
 .ARM.attributes
                0x0000088d       0x22 c:/users/ee07pc14adm/.p2/pool/plugins/fr.ac6.mcu.externaltools.arm-none.win32_1.13.2.201703061525/tools/compiler/bin/../lib/gcc/arm-none-eabi/5.4.1/armv7e-m/fpu\libgcc.a(_arm_cmpdf2.o)
 .ARM.attributes
                0x000008af       0x22 c:/users/ee07pc14adm/.p2/pool/plugins/fr.ac6.mcu.externaltools.arm-none.win32_1.13.2.201703061525/tools/compiler/bin/../lib/gcc/arm-none-eabi/5.4.1/armv7e-m/fpu\libgcc.a(_arm_fixdfsi.o)
 .ARM.attributes
                0x000008d1       0x22 c:/users/ee07pc14adm/.p2/pool/plugins/fr.ac6.mcu.externaltools.arm-none.win32_1.13.2.201703061525/tools/compiler/bin/../lib/gcc/arm-none-eabi/5.4.1/armv7e-m/fpu\libgcc.a(_arm_fixunsdfsi.o)
 .ARM.attributes
                0x000008f3       0x34 c:/users/ee07pc14adm/.p2/pool/plugins/fr.ac6.mcu.externaltools.arm-none.win32_1.13.2.201703061525/tools/compiler/bin/../lib/gcc/arm-none-eabi/5.4.1/../../../../arm-none-eabi/lib/armv7e-m/fpu\libnosys.a(sbrk.o)
 .ARM.attributes
                0x00000927       0x22 c:/users/ee07pc14adm/.p2/pool/plugins/fr.ac6.mcu.externaltools.arm-none.win32_1.13.2.201703061525/tools/compiler/bin/../lib/gcc/arm-none-eabi/5.4.1/armv7e-m/fpu/crtn.o
OUTPUT(UART_TEST.elf elf32-littlearm)

.debug_info     0x00000000     0xad44
 .debug_info    0x00000000      0x966 Drivers/STM32F4xx_HAL_Driver/Src/stm32f4xx_hal.o
 .debug_info    0x00000966      0xf0d Drivers/STM32F4xx_HAL_Driver/Src/stm32f4xx_hal_cortex.o
 .debug_info    0x00001873      0xa60 Drivers/STM32F4xx_HAL_Driver/Src/stm32f4xx_hal_dma.o
 .debug_info    0x000022d3      0x72a Drivers/STM32F4xx_HAL_Driver/Src/stm32f4xx_hal_gpio.o
 .debug_info    0x000029fd     0x2e88 Drivers/STM32F4xx_HAL_Driver/Src/stm32f4xx_hal_i2c.o
 .debug_info    0x00005885      0xa44 Drivers/STM32F4xx_HAL_Driver/Src/stm32f4xx_hal_rcc.o
 .debug_info    0x000062c9     0x16b4 Drivers/STM32F4xx_HAL_Driver/Src/stm32f4xx_hal_uart.o
 .debug_info    0x0000797d     0x18e9 Src/main.o
 .debug_info    0x00009266      0xf9e Src/stm32f4xx_hal_msp.o
 .debug_info    0x0000a204      0x5cc Src/stm32f4xx_it.o
 .debug_info    0x0000a7d0      0x500 Src/system_stm32f4xx.o
 .debug_info    0x0000acd0       0x74 startup/startup_stm32f407xx.o

.debug_abbrev   0x00000000     0x1701
 .debug_abbrev  0x00000000      0x1f8 Drivers/STM32F4xx_HAL_Driver/Src/stm32f4xx_hal.o
 .debug_abbrev  0x000001f8      0x2fe Drivers/STM32F4xx_HAL_Driver/Src/stm32f4xx_hal_cortex.o
 .debug_abbrev  0x000004f6      0x28e Drivers/STM32F4xx_HAL_Driver/Src/stm32f4xx_hal_dma.o
 .debug_abbrev  0x00000784      0x1cd Drivers/STM32F4xx_HAL_Driver/Src/stm32f4xx_hal_gpio.o
 .debug_abbrev  0x00000951      0x237 Drivers/STM32F4xx_HAL_Driver/Src/stm32f4xx_hal_i2c.o
 .debug_abbrev  0x00000b88      0x271 Drivers/STM32F4xx_HAL_Driver/Src/stm32f4xx_hal_rcc.o
 .debug_abbrev  0x00000df9      0x26f Drivers/STM32F4xx_HAL_Driver/Src/stm32f4xx_hal_uart.o
 .debug_abbrev  0x00001068      0x286 Src/main.o
 .debug_abbrev  0x000012ee      0x1a0 Src/stm32f4xx_hal_msp.o
 .debug_abbrev  0x0000148e      0x15d Src/stm32f4xx_it.o
 .debug_abbrev  0x000015eb      0x104 Src/system_stm32f4xx.o
 .debug_abbrev  0x000016ef       0x12 startup/startup_stm32f407xx.o

.debug_loc      0x00000000     0x5dce
 .debug_loc     0x00000000      0x108 Drivers/STM32F4xx_HAL_Driver/Src/stm32f4xx_hal.o
 .debug_loc     0x00000108      0x548 Drivers/STM32F4xx_HAL_Driver/Src/stm32f4xx_hal_cortex.o
 .debug_loc     0x00000650      0x9dc Drivers/STM32F4xx_HAL_Driver/Src/stm32f4xx_hal_dma.o
 .debug_loc     0x0000102c      0x38f Drivers/STM32F4xx_HAL_Driver/Src/stm32f4xx_hal_gpio.o
 .debug_loc     0x000013bb     0x2ec5 Drivers/STM32F4xx_HAL_Driver/Src/stm32f4xx_hal_i2c.o
 .debug_loc     0x00004280      0x481 Drivers/STM32F4xx_HAL_Driver/Src/stm32f4xx_hal_rcc.o
 .debug_loc     0x00004701     0x137a Drivers/STM32F4xx_HAL_Driver/Src/stm32f4xx_hal_uart.o
 .debug_loc     0x00005a7b      0x160 Src/main.o
 .debug_loc     0x00005bdb       0xc1 Src/stm32f4xx_hal_msp.o
 .debug_loc     0x00005c9c      0x132 Src/system_stm32f4xx.o

.debug_aranges  0x00000000      0x888
 .debug_aranges
                0x00000000       0xe0 Drivers/STM32F4xx_HAL_Driver/Src/stm32f4xx_hal.o
 .debug_aranges
                0x000000e0       0xa8 Drivers/STM32F4xx_HAL_Driver/Src/stm32f4xx_hal_cortex.o
 .debug_aranges
                0x00000188       0x90 Drivers/STM32F4xx_HAL_Driver/Src/stm32f4xx_hal_dma.o
 .debug_aranges
                0x00000218       0x58 Drivers/STM32F4xx_HAL_Driver/Src/stm32f4xx_hal_gpio.o
 .debug_aranges
                0x00000270      0x268 Drivers/STM32F4xx_HAL_Driver/Src/stm32f4xx_hal_i2c.o
 .debug_aranges
                0x000004d8       0x88 Drivers/STM32F4xx_HAL_Driver/Src/stm32f4xx_hal_rcc.o
 .debug_aranges
                0x00000560      0x1d0 Drivers/STM32F4xx_HAL_Driver/Src/stm32f4xx_hal_uart.o
 .debug_aranges
                0x00000730       0x90 Src/main.o
 .debug_aranges
                0x000007c0       0x40 Src/stm32f4xx_hal_msp.o
 .debug_aranges
                0x00000800       0x38 Src/stm32f4xx_it.o
 .debug_aranges
                0x00000838       0x28 Src/system_stm32f4xx.o
 .debug_aranges
                0x00000860       0x28 startup/startup_stm32f407xx.o

.debug_ranges   0x00000000      0x7e8
 .debug_ranges  0x00000000       0xd0 Drivers/STM32F4xx_HAL_Driver/Src/stm32f4xx_hal.o
 .debug_ranges  0x000000d0       0x98 Drivers/STM32F4xx_HAL_Driver/Src/stm32f4xx_hal_cortex.o
 .debug_ranges  0x00000168       0x80 Drivers/STM32F4xx_HAL_Driver/Src/stm32f4xx_hal_dma.o
 .debug_ranges  0x000001e8       0x48 Drivers/STM32F4xx_HAL_Driver/Src/stm32f4xx_hal_gpio.o
 .debug_ranges  0x00000230      0x258 Drivers/STM32F4xx_HAL_Driver/Src/stm32f4xx_hal_i2c.o
 .debug_ranges  0x00000488       0x90 Drivers/STM32F4xx_HAL_Driver/Src/stm32f4xx_hal_rcc.o
 .debug_ranges  0x00000518      0x1c0 Drivers/STM32F4xx_HAL_Driver/Src/stm32f4xx_hal_uart.o
 .debug_ranges  0x000006d8       0x80 Src/main.o
 .debug_ranges  0x00000758       0x30 Src/stm32f4xx_hal_msp.o
 .debug_ranges  0x00000788       0x28 Src/stm32f4xx_it.o
 .debug_ranges  0x000007b0       0x18 Src/system_stm32f4xx.o
 .debug_ranges  0x000007c8       0x20 startup/startup_stm32f407xx.o

.debug_macro    0x00000000    0x206a4
 .debug_macro   0x00000000      0x36f Drivers/STM32F4xx_HAL_Driver/Src/stm32f4xx_hal.o
 .debug_macro   0x0000036f      0x898 Drivers/STM32F4xx_HAL_Driver/Src/stm32f4xx_hal.o
 .debug_macro   0x00000c07       0x10 Drivers/STM32F4xx_HAL_Driver/Src/stm32f4xx_hal.o
 .debug_macro   0x00000c17      0x180 Drivers/STM32F4xx_HAL_Driver/Src/stm32f4xx_hal.o
 .debug_macro   0x00000d97       0x32 Drivers/STM32F4xx_HAL_Driver/Src/stm32f4xx_hal.o
 .debug_macro   0x00000dc9       0x2f Drivers/STM32F4xx_HAL_Driver/Src/stm32f4xx_hal.o
 .debug_macro   0x00000df8       0x22 Drivers/STM32F4xx_HAL_Driver/Src/stm32f4xx_hal.o
 .debug_macro   0x00000e1a       0x87 Drivers/STM32F4xx_HAL_Driver/Src/stm32f4xx_hal.o
 .debug_macro   0x00000ea1       0x44 Drivers/STM32F4xx_HAL_Driver/Src/stm32f4xx_hal.o
 .debug_macro   0x00000ee5       0xfd Drivers/STM32F4xx_HAL_Driver/Src/stm32f4xx_hal.o
 .debug_macro   0x00000fe2       0x5e Drivers/STM32F4xx_HAL_Driver/Src/stm32f4xx_hal.o
 .debug_macro   0x00001040      0x1df Drivers/STM32F4xx_HAL_Driver/Src/stm32f4xx_hal.o
 .debug_macro   0x0000121f       0x35 Drivers/STM32F4xx_HAL_Driver/Src/stm32f4xx_hal.o
 .debug_macro   0x00001254       0x50 Drivers/STM32F4xx_HAL_Driver/Src/stm32f4xx_hal.o
 .debug_macro   0x000012a4      0xe66 Drivers/STM32F4xx_HAL_Driver/Src/stm32f4xx_hal.o
 .debug_macro   0x0000210a    0x15d08 Drivers/STM32F4xx_HAL_Driver/Src/stm32f4xx_hal.o
 .debug_macro   0x00017e12       0x43 Drivers/STM32F4xx_HAL_Driver/Src/stm32f4xx_hal.o
 .debug_macro   0x00017e55     0x3535 Drivers/STM32F4xx_HAL_Driver/Src/stm32f4xx_hal.o
 .debug_macro   0x0001b38a       0x52 Drivers/STM32F4xx_HAL_Driver/Src/stm32f4xx_hal.o
 .debug_macro   0x0001b3dc       0x35 Drivers/STM32F4xx_HAL_Driver/Src/stm32f4xx_hal.o
 .debug_macro   0x0001b411       0x9c Drivers/STM32F4xx_HAL_Driver/Src/stm32f4xx_hal.o
 .debug_macro   0x0001b4ad       0x16 Drivers/STM32F4xx_HAL_Driver/Src/stm32f4xx_hal.o
 .debug_macro   0x0001b4c3       0x97 Drivers/STM32F4xx_HAL_Driver/Src/stm32f4xx_hal.o
 .debug_macro   0x0001b55a      0x30d Drivers/STM32F4xx_HAL_Driver/Src/stm32f4xx_hal.o
 .debug_macro   0x0001b867       0xfd Drivers/STM32F4xx_HAL_Driver/Src/stm32f4xx_hal.o
 .debug_macro   0x0001b964       0x10 Drivers/STM32F4xx_HAL_Driver/Src/stm32f4xx_hal.o
 .debug_macro   0x0001b974       0x52 Drivers/STM32F4xx_HAL_Driver/Src/stm32f4xx_hal.o
 .debug_macro   0x0001b9c6       0x1f Drivers/STM32F4xx_HAL_Driver/Src/stm32f4xx_hal.o
 .debug_macro   0x0001b9e5       0x43 Drivers/STM32F4xx_HAL_Driver/Src/stm32f4xx_hal.o
 .debug_macro   0x0001ba28       0x20 Drivers/STM32F4xx_HAL_Driver/Src/stm32f4xx_hal.o
 .debug_macro   0x0001ba48      0x187 Drivers/STM32F4xx_HAL_Driver/Src/stm32f4xx_hal.o
 .debug_macro   0x0001bbcf       0x10 Drivers/STM32F4xx_HAL_Driver/Src/stm32f4xx_hal.o
 .debug_macro   0x0001bbdf       0x1c Drivers/STM32F4xx_HAL_Driver/Src/stm32f4xx_hal.o
 .debug_macro   0x0001bbfb       0x52 Drivers/STM32F4xx_HAL_Driver/Src/stm32f4xx_hal.o
 .debug_macro   0x0001bc4d       0x40 Drivers/STM32F4xx_HAL_Driver/Src/stm32f4xx_hal.o
 .debug_macro   0x0001bc8d       0x10 Drivers/STM32F4xx_HAL_Driver/Src/stm32f4xx_hal.o
 .debug_macro   0x0001bc9d       0x40 Drivers/STM32F4xx_HAL_Driver/Src/stm32f4xx_hal.o
 .debug_macro   0x0001bcdd       0xd7 Drivers/STM32F4xx_HAL_Driver/Src/stm32f4xx_hal.o
 .debug_macro   0x0001bdb4       0x16 Drivers/STM32F4xx_HAL_Driver/Src/stm32f4xx_hal.o
 .debug_macro   0x0001bdca      0x18b Drivers/STM32F4xx_HAL_Driver/Src/stm32f4xx_hal.o
 .debug_macro   0x0001bf55       0x50 Drivers/STM32F4xx_HAL_Driver/Src/stm32f4xx_hal.o
 .debug_macro   0x0001bfa5      0x96b Drivers/STM32F4xx_HAL_Driver/Src/stm32f4xx_hal.o
 .debug_macro   0x0001c910      0xa02 Drivers/STM32F4xx_HAL_Driver/Src/stm32f4xx_hal.o
 .debug_macro   0x0001d312      0x11e Drivers/STM32F4xx_HAL_Driver/Src/stm32f4xx_hal.o
 .debug_macro   0x0001d430      0x13e Drivers/STM32F4xx_HAL_Driver/Src/stm32f4xx_hal.o
 .debug_macro   0x0001d56e       0x27 Drivers/STM32F4xx_HAL_Driver/Src/stm32f4xx_hal.o
 .debug_macro   0x0001d595      0x287 Drivers/STM32F4xx_HAL_Driver/Src/stm32f4xx_hal.o
 .debug_macro   0x0001d81c       0x5f Drivers/STM32F4xx_HAL_Driver/Src/stm32f4xx_hal.o
 .debug_macro   0x0001d87b      0x23a Drivers/STM32F4xx_HAL_Driver/Src/stm32f4xx_hal.o
 .debug_macro   0x0001dab5      0x133 Drivers/STM32F4xx_HAL_Driver/Src/stm32f4xx_hal.o
 .debug_macro   0x0001dbe8      0x21e Drivers/STM32F4xx_HAL_Driver/Src/stm32f4xx_hal.o
 .debug_macro   0x0001de06       0x2e Drivers/STM32F4xx_HAL_Driver/Src/stm32f4xx_hal.o
 .debug_macro   0x0001de34      0x1a7 Drivers/STM32F4xx_HAL_Driver/Src/stm32f4xx_hal.o
 .debug_macro   0x0001dfdb       0xa5 Drivers/STM32F4xx_HAL_Driver/Src/stm32f4xx_hal.o
 .debug_macro   0x0001e080      0x11e Drivers/STM32F4xx_HAL_Driver/Src/stm32f4xx_hal.o
 .debug_macro   0x0001e19e       0x7f Drivers/STM32F4xx_HAL_Driver/Src/stm32f4xx_hal.o
 .debug_macro   0x0001e21d       0x89 Drivers/STM32F4xx_HAL_Driver/Src/stm32f4xx_hal.o
 .debug_macro   0x0001e2a6      0x287 Drivers/STM32F4xx_HAL_Driver/Src/stm32f4xx_hal.o
 .debug_macro   0x0001e52d      0x134 Drivers/STM32F4xx_HAL_Driver/Src/stm32f4xx_hal.o
 .debug_macro   0x0001e661      0x30f Drivers/STM32F4xx_HAL_Driver/Src/stm32f4xx_hal_cortex.o
 .debug_macro   0x0001e970      0x316 Drivers/STM32F4xx_HAL_Driver/Src/stm32f4xx_hal_dma.o
 .debug_macro   0x0001ec86      0x347 Drivers/STM32F4xx_HAL_Driver/Src/stm32f4xx_hal_gpio.o
 .debug_macro   0x0001efcd      0x34f Drivers/STM32F4xx_HAL_Driver/Src/stm32f4xx_hal_i2c.o
 .debug_macro   0x0001f31c      0x333 Drivers/STM32F4xx_HAL_Driver/Src/stm32f4xx_hal_rcc.o
 .debug_macro   0x0001f64f      0x310 Drivers/STM32F4xx_HAL_Driver/Src/stm32f4xx_hal_uart.o
 .debug_macro   0x0001f95f      0x368 Src/main.o
 .debug_macro   0x0001fcc7       0x16 Src/main.o
 .debug_macro   0x0001fcdd       0x35 Src/main.o
 .debug_macro   0x0001fd12       0x16 Src/main.o
 .debug_macro   0x0001fd28       0x16 Src/main.o
 .debug_macro   0x0001fd3e       0x29 Src/main.o
 .debug_macro   0x0001fd67      0x30f Src/stm32f4xx_hal_msp.o
 .debug_macro   0x00020076      0x319 Src/stm32f4xx_it.o
 .debug_macro   0x0002038f      0x315 Src/system_stm32f4xx.o

.debug_line     0x00000000     0x7c03
 .debug_line    0x00000000      0x996 Drivers/STM32F4xx_HAL_Driver/Src/stm32f4xx_hal.o
 .debug_line    0x00000996      0x9c2 Drivers/STM32F4xx_HAL_Driver/Src/stm32f4xx_hal_cortex.o
 .debug_line    0x00001358      0xac5 Drivers/STM32F4xx_HAL_Driver/Src/stm32f4xx_hal_dma.o
 .debug_line    0x00001e1d      0x93c Drivers/STM32F4xx_HAL_Driver/Src/stm32f4xx_hal_gpio.o
 .debug_line    0x00002759     0x17e7 Drivers/STM32F4xx_HAL_Driver/Src/stm32f4xx_hal_i2c.o
 .debug_line    0x00003f40      0xa43 Drivers/STM32F4xx_HAL_Driver/Src/stm32f4xx_hal_rcc.o
 .debug_line    0x00004983     0x105f Drivers/STM32F4xx_HAL_Driver/Src/stm32f4xx_hal_uart.o
 .debug_line    0x000059e2      0x9ac Src/main.o
 .debug_line    0x0000638e      0x824 Src/stm32f4xx_hal_msp.o
 .debug_line    0x00006bb2      0x7f4 Src/stm32f4xx_it.o
 .debug_line    0x000073a6      0x7de Src/system_stm32f4xx.o
 .debug_line    0x00007b84       0x7f startup/startup_stm32f407xx.o

.debug_str      0x00000000    0xbe0c6
 .debug_str     0x00000000    0xbba22 Drivers/STM32F4xx_HAL_Driver/Src/stm32f4xx_hal.o
                              0xbbdb8 (size before relaxing)
 .debug_str     0x000bba22      0x3b8 Drivers/STM32F4xx_HAL_Driver/Src/stm32f4xx_hal_cortex.o
                              0xbbafc (size before relaxing)
 .debug_str     0x000bbdda      0x53a Drivers/STM32F4xx_HAL_Driver/Src/stm32f4xx_hal_dma.o
                              0xbb681 (size before relaxing)
 .debug_str     0x000bc314      0x28c Drivers/STM32F4xx_HAL_Driver/Src/stm32f4xx_hal_gpio.o
                              0xbb48f (size before relaxing)
 .debug_str     0x000bc5a0      0xcd2 Drivers/STM32F4xx_HAL_Driver/Src/stm32f4xx_hal_i2c.o
                              0xbc0a5 (size before relaxing)
 .debug_str     0x000bd272      0x380 Drivers/STM32F4xx_HAL_Driver/Src/stm32f4xx_hal_rcc.o
                              0xbb685 (size before relaxing)
 .debug_str     0x000bd5f2      0x6bf Drivers/STM32F4xx_HAL_Driver/Src/stm32f4xx_hal_uart.o
                              0xbbad4 (size before relaxing)
 .debug_str     0x000bdcb1      0x33b Src/main.o
                              0xbc332 (size before relaxing)
 .debug_str     0x000bdfec       0x1b Src/stm32f4xx_hal_msp.o
                              0xbbe44 (size before relaxing)
 .debug_str     0x000be007       0x65 Src/stm32f4xx_it.o
                              0xbb52e (size before relaxing)
 .debug_str     0x000be06c       0x5a Src/system_stm32f4xx.o
                              0xbb277 (size before relaxing)

.comment        0x00000000       0x6e
 .comment       0x00000000       0x6e Drivers/STM32F4xx_HAL_Driver/Src/stm32f4xx_hal.o
                                 0x6f (size before relaxing)
 .comment       0x0000006e       0x6f Drivers/STM32F4xx_HAL_Driver/Src/stm32f4xx_hal_cortex.o
 .comment       0x0000006e       0x6f Drivers/STM32F4xx_HAL_Driver/Src/stm32f4xx_hal_dma.o
 .comment       0x0000006e       0x6f Drivers/STM32F4xx_HAL_Driver/Src/stm32f4xx_hal_gpio.o
 .comment       0x0000006e       0x6f Drivers/STM32F4xx_HAL_Driver/Src/stm32f4xx_hal_i2c.o
 .comment       0x0000006e       0x6f Drivers/STM32F4xx_HAL_Driver/Src/stm32f4xx_hal_rcc.o
 .comment       0x0000006e       0x6f Drivers/STM32F4xx_HAL_Driver/Src/stm32f4xx_hal_uart.o
 .comment       0x0000006e       0x6f Src/main.o
 .comment       0x0000006e       0x6f Src/stm32f4xx_hal_msp.o
 .comment       0x0000006e       0x6f Src/stm32f4xx_it.o
 .comment       0x0000006e       0x6f Src/system_stm32f4xx.o

.debug_frame    0x00000000     0x1f20
 .debug_frame   0x00000000      0x1cc Drivers/STM32F4xx_HAL_Driver/Src/stm32f4xx_hal.o
 .debug_frame   0x000001cc      0x154 Drivers/STM32F4xx_HAL_Driver/Src/stm32f4xx_hal_cortex.o
 .debug_frame   0x00000320      0x184 Drivers/STM32F4xx_HAL_Driver/Src/stm32f4xx_hal_dma.o
 .debug_frame   0x000004a4       0xc4 Drivers/STM32F4xx_HAL_Driver/Src/stm32f4xx_hal_gpio.o
 .debug_frame   0x00000568      0x808 Drivers/STM32F4xx_HAL_Driver/Src/stm32f4xx_hal_i2c.o
 .debug_frame   0x00000d70      0x170 Drivers/STM32F4xx_HAL_Driver/Src/stm32f4xx_hal_rcc.o
 .debug_frame   0x00000ee0      0x4e8 Drivers/STM32F4xx_HAL_Driver/Src/stm32f4xx_hal_uart.o
 .debug_frame   0x000013c8      0x184 Src/main.o
 .debug_frame   0x0000154c       0x98 Src/stm32f4xx_hal_msp.o
 .debug_frame   0x000015e4       0x60 Src/stm32f4xx_it.o
 .debug_frame   0x00001644       0x30 Src/system_stm32f4xx.o
 .debug_frame   0x00001674       0x2c c:/users/ee07pc14adm/.p2/pool/plugins/fr.ac6.mcu.externaltools.arm-none.win32_1.13.2.201703061525/tools/compiler/bin/../lib/gcc/arm-none-eabi/5.4.1/armv7e-m/fpu\libgcc.a(_aeabi_uldivmod.o)
 .debug_frame   0x000016a0       0x34 c:/users/ee07pc14adm/.p2/pool/plugins/fr.ac6.mcu.externaltools.arm-none.win32_1.13.2.201703061525/tools/compiler/bin/../lib/gcc/arm-none-eabi/5.4.1/armv7e-m/fpu\libgcc.a(_udivmoddi4.o)
 .debug_frame   0x000016d4       0x20 c:/users/ee07pc14adm/.p2/pool/plugins/fr.ac6.mcu.externaltools.arm-none.win32_1.13.2.201703061525/tools/compiler/bin/../lib/gcc/arm-none-eabi/5.4.1/../../../../arm-none-eabi/lib/armv7e-m/fpu\libc_nano.a(lib_a-atof.o)
 .debug_frame   0x000016f4       0x30 c:/users/ee07pc14adm/.p2/pool/plugins/fr.ac6.mcu.externaltools.arm-none.win32_1.13.2.201703061525/tools/compiler/bin/../lib/gcc/arm-none-eabi/5.4.1/../../../../arm-none-eabi/lib/armv7e-m/fpu\libc_nano.a(lib_a-atoi.o)
 .debug_frame   0x00001724       0x2c c:/users/ee07pc14adm/.p2/pool/plugins/fr.ac6.mcu.externaltools.arm-none.win32_1.13.2.201703061525/tools/compiler/bin/../lib/gcc/arm-none-eabi/5.4.1/../../../../arm-none-eabi/lib/armv7e-m/fpu\libc_nano.a(lib_a-init.o)
 .debug_frame   0x00001750       0x20 c:/users/ee07pc14adm/.p2/pool/plugins/fr.ac6.mcu.externaltools.arm-none.win32_1.13.2.201703061525/tools/compiler/bin/../lib/gcc/arm-none-eabi/5.4.1/../../../../arm-none-eabi/lib/armv7e-m/fpu\libc_nano.a(lib_a-memset.o)
 .debug_frame   0x00001770       0x20 c:/users/ee07pc14adm/.p2/pool/plugins/fr.ac6.mcu.externaltools.arm-none.win32_1.13.2.201703061525/tools/compiler/bin/../lib/gcc/arm-none-eabi/5.4.1/../../../../arm-none-eabi/lib/armv7e-m/fpu\libc_nano.a(lib_a-strcmp.o)
 .debug_frame   0x00001790       0xf4 c:/users/ee07pc14adm/.p2/pool/plugins/fr.ac6.mcu.externaltools.arm-none.win32_1.13.2.201703061525/tools/compiler/bin/../lib/gcc/arm-none-eabi/5.4.1/../../../../arm-none-eabi/lib/armv7e-m/fpu\libc_nano.a(lib_a-strtod.o)
 .debug_frame   0x00001884       0x84 c:/users/ee07pc14adm/.p2/pool/plugins/fr.ac6.mcu.externaltools.arm-none.win32_1.13.2.201703061525/tools/compiler/bin/../lib/gcc/arm-none-eabi/5.4.1/../../../../arm-none-eabi/lib/armv7e-m/fpu\libc_nano.a(lib_a-strtol.o)
 .debug_frame   0x00001908       0x70 c:/users/ee07pc14adm/.p2/pool/plugins/fr.ac6.mcu.externaltools.arm-none.win32_1.13.2.201703061525/tools/compiler/bin/../lib/gcc/arm-none-eabi/5.4.1/../../../../arm-none-eabi/lib/armv7e-m/fpu\libc_nano.a(lib_a-gdtoa-gethex.o)
 .debug_frame   0x00001978       0x74 c:/users/ee07pc14adm/.p2/pool/plugins/fr.ac6.mcu.externaltools.arm-none.win32_1.13.2.201703061525/tools/compiler/bin/../lib/gcc/arm-none-eabi/5.4.1/../../../../arm-none-eabi/lib/armv7e-m/fpu\libc_nano.a(lib_a-gdtoa-hexnan.o)
 .debug_frame   0x000019ec       0x88 c:/users/ee07pc14adm/.p2/pool/plugins/fr.ac6.mcu.externaltools.arm-none.win32_1.13.2.201703061525/tools/compiler/bin/../lib/gcc/arm-none-eabi/5.4.1/../../../../arm-none-eabi/lib/armv7e-m/fpu\libc_nano.a(lib_a-locale.o)
 .debug_frame   0x00001a74       0x40 c:/users/ee07pc14adm/.p2/pool/plugins/fr.ac6.mcu.externaltools.arm-none.win32_1.13.2.201703061525/tools/compiler/bin/../lib/gcc/arm-none-eabi/5.4.1/../../../../arm-none-eabi/lib/armv7e-m/fpu\libc_nano.a(lib_a-localeconv.o)
 .debug_frame   0x00001ab4       0x44 c:/users/ee07pc14adm/.p2/pool/plugins/fr.ac6.mcu.externaltools.arm-none.win32_1.13.2.201703061525/tools/compiler/bin/../lib/gcc/arm-none-eabi/5.4.1/../../../../arm-none-eabi/lib/armv7e-m/fpu\libc_nano.a(lib_a-mbtowc_r.o)
 .debug_frame   0x00001af8       0x28 c:/users/ee07pc14adm/.p2/pool/plugins/fr.ac6.mcu.externaltools.arm-none.win32_1.13.2.201703061525/tools/compiler/bin/../lib/gcc/arm-none-eabi/5.4.1/../../../../arm-none-eabi/lib/armv7e-m/fpu\libc_nano.a(lib_a-memcpy-stub.o)
 .debug_frame   0x00001b20      0x238 c:/users/ee07pc14adm/.p2/pool/plugins/fr.ac6.mcu.externaltools.arm-none.win32_1.13.2.201703061525/tools/compiler/bin/../lib/gcc/arm-none-eabi/5.4.1/../../../../arm-none-eabi/lib/armv7e-m/fpu\libc_nano.a(lib_a-mprec.o)
 .debug_frame   0x00001d58       0x2c c:/users/ee07pc14adm/.p2/pool/plugins/fr.ac6.mcu.externaltools.arm-none.win32_1.13.2.201703061525/tools/compiler/bin/../lib/gcc/arm-none-eabi/5.4.1/../../../../arm-none-eabi/lib/armv7e-m/fpu\libc_nano.a(lib_a-nano-callocr.o)
 .debug_frame   0x00001d84       0x2c c:/users/ee07pc14adm/.p2/pool/plugins/fr.ac6.mcu.externaltools.arm-none.win32_1.13.2.201703061525/tools/compiler/bin/../lib/gcc/arm-none-eabi/5.4.1/../../../../arm-none-eabi/lib/armv7e-m/fpu\libc_nano.a(lib_a-nano-mallocr.o)
 .debug_frame   0x00001db0       0x2c c:/users/ee07pc14adm/.p2/pool/plugins/fr.ac6.mcu.externaltools.arm-none.win32_1.13.2.201703061525/tools/compiler/bin/../lib/gcc/arm-none-eabi/5.4.1/../../../../arm-none-eabi/lib/armv7e-m/fpu\libc_nano.a(lib_a-sbrkr.o)
 .debug_frame   0x00001ddc       0x2c c:/users/ee07pc14adm/.p2/pool/plugins/fr.ac6.mcu.externaltools.arm-none.win32_1.13.2.201703061525/tools/compiler/bin/../lib/gcc/arm-none-eabi/5.4.1/../../../../arm-none-eabi/lib/armv7e-m/fpu\libc_nano.a(lib_a-strncmp.o)
 .debug_frame   0x00001e08       0x3c c:/users/ee07pc14adm/.p2/pool/plugins/fr.ac6.mcu.externaltools.arm-none.win32_1.13.2.201703061525/tools/compiler/bin/../lib/gcc/arm-none-eabi/5.4.1/../../../../arm-none-eabi/lib/armv7e-m/fpu\libc_nano.a(lib_a-wctomb_r.o)
 .debug_frame   0x00001e44       0x30 c:/users/ee07pc14adm/.p2/pool/plugins/fr.ac6.mcu.externaltools.arm-none.win32_1.13.2.201703061525/tools/compiler/bin/../lib/gcc/arm-none-eabi/5.4.1/../../../../arm-none-eabi/lib/armv7e-m/fpu\libc_nano.a(lib_a-malloc.o)
 .debug_frame   0x00001e74       0x30 c:/users/ee07pc14adm/.p2/pool/plugins/fr.ac6.mcu.externaltools.arm-none.win32_1.13.2.201703061525/tools/compiler/bin/../lib/gcc/arm-none-eabi/5.4.1/../../../../arm-none-eabi/lib/armv7e-m/fpu\libc_nano.a(lib_a-mlock.o)
 .debug_frame   0x00001ea4       0x5c c:/users/ee07pc14adm/.p2/pool/plugins/fr.ac6.mcu.externaltools.arm-none.win32_1.13.2.201703061525/tools/compiler/bin/../lib/gcc/arm-none-eabi/5.4.1/../../../../arm-none-eabi/lib/armv7e-m/fpu\libc_nano.a(lib_a-reent.o)
 .debug_frame   0x00001f00       0x20 c:/users/ee07pc14adm/.p2/pool/plugins/fr.ac6.mcu.externaltools.arm-none.win32_1.13.2.201703061525/tools/compiler/bin/../lib/gcc/arm-none-eabi/5.4.1/../../../../arm-none-eabi/lib/armv7e-m/fpu\libnosys.a(sbrk.o)
